Archive member included to satisfy reference by file (symbol)

d:/compilechaim/gcc-arm-none-eabi-10.3-2021.10/bin/../lib/gcc/arm-none-eabi/10.3.1/thumb/v7e-m/nofp\libgcc.a(_arm_mulsf3.o)
                              CMakeFiles/TMC_Stallguard.elf.dir/TMC-API/tmc/ic/TMC5160/TMC5160.c.obj (__aeabi_fmul)
d:/compilechaim/gcc-arm-none-eabi-10.3-2021.10/bin/../lib/gcc/arm-none-eabi/10.3.1/thumb/v7e-m/nofp\libgcc.a(_arm_addsubsf3.o)
                              CMakeFiles/TMC_Stallguard.elf.dir/TMC-API/tmc/ic/TMC5160/TMC5160.c.obj (__aeabi_ui2f)
d:/compilechaim/gcc-arm-none-eabi-10.3-2021.10/bin/../lib/gcc/arm-none-eabi/10.3.1/thumb/v7e-m/nofp\libgcc.a(_arm_muldivsf3.o)
                              CMakeFiles/TMC_Stallguard.elf.dir/TMC-API/tmc/ic/TMC5160/TMC5160.c.obj (__aeabi_fdiv)
d:/compilechaim/gcc-arm-none-eabi-10.3-2021.10/bin/../lib/gcc/arm-none-eabi/10.3.1/thumb/v7e-m/nofp\libgcc.a(_arm_fixunssfsi.o)
                              CMakeFiles/TMC_Stallguard.elf.dir/TMC-API/tmc/ic/TMC5160/TMC5160.c.obj (__aeabi_f2uiz)
d:/compilechaim/gcc-arm-none-eabi-10.3-2021.10/bin/../lib/gcc/arm-none-eabi/10.3.1/thumb/v7e-m/nofp\libgcc.a(_aeabi_uldivmod.o)
                              CMakeFiles/TMC_Stallguard.elf.dir/Drivers/STM32F4xx_HAL_Driver/Src/stm32f4xx_hal_rcc.c.obj (__aeabi_uldivmod)
d:/compilechaim/gcc-arm-none-eabi-10.3-2021.10/bin/../lib/gcc/arm-none-eabi/10.3.1/thumb/v7e-m/nofp\libgcc.a(_udivmoddi4.o)
                              d:/compilechaim/gcc-arm-none-eabi-10.3-2021.10/bin/../lib/gcc/arm-none-eabi/10.3.1/thumb/v7e-m/nofp\libgcc.a(_aeabi_uldivmod.o) (__udivmoddi4)
d:/compilechaim/gcc-arm-none-eabi-10.3-2021.10/bin/../lib/gcc/arm-none-eabi/10.3.1/thumb/v7e-m/nofp\libgcc.a(_dvmd_tls.o)
                              d:/compilechaim/gcc-arm-none-eabi-10.3-2021.10/bin/../lib/gcc/arm-none-eabi/10.3.1/thumb/v7e-m/nofp\libgcc.a(_aeabi_uldivmod.o) (__aeabi_ldiv0)
d:/compilechaim/gcc-arm-none-eabi-10.3-2021.10/bin/../lib/gcc/arm-none-eabi/10.3.1/../../../../arm-none-eabi/lib/thumb/v7e-m/nofp\libg.a(lib_a-errno.o)
                              CMakeFiles/TMC_Stallguard.elf.dir/Core/Src/syscalls.c.obj (__errno)
d:/compilechaim/gcc-arm-none-eabi-10.3-2021.10/bin/../lib/gcc/arm-none-eabi/10.3.1/../../../../arm-none-eabi/lib/thumb/v7e-m/nofp\libg.a(lib_a-exit.o)
                              d:/compilechaim/gcc-arm-none-eabi-10.3-2021.10/bin/../lib/gcc/arm-none-eabi/10.3.1/../../../../arm-none-eabi/lib/thumb/v7e-m/nofp/crt0.o (exit)
d:/compilechaim/gcc-arm-none-eabi-10.3-2021.10/bin/../lib/gcc/arm-none-eabi/10.3.1/../../../../arm-none-eabi/lib/thumb/v7e-m/nofp\libg.a(lib_a-impure.o)
                              d:/compilechaim/gcc-arm-none-eabi-10.3-2021.10/bin/../lib/gcc/arm-none-eabi/10.3.1/../../../../arm-none-eabi/lib/thumb/v7e-m/nofp\libg.a(lib_a-exit.o) (_global_impure_ptr)
d:/compilechaim/gcc-arm-none-eabi-10.3-2021.10/bin/../lib/gcc/arm-none-eabi/10.3.1/../../../../arm-none-eabi/lib/thumb/v7e-m/nofp\libg.a(lib_a-init.o)
                              d:/compilechaim/gcc-arm-none-eabi-10.3-2021.10/bin/../lib/gcc/arm-none-eabi/10.3.1/../../../../arm-none-eabi/lib/thumb/v7e-m/nofp/crt0.o (__libc_init_array)
d:/compilechaim/gcc-arm-none-eabi-10.3-2021.10/bin/../lib/gcc/arm-none-eabi/10.3.1/../../../../arm-none-eabi/lib/thumb/v7e-m/nofp\libg.a(lib_a-memset.o)
                              d:/compilechaim/gcc-arm-none-eabi-10.3-2021.10/bin/../lib/gcc/arm-none-eabi/10.3.1/../../../../arm-none-eabi/lib/thumb/v7e-m/nofp/crt0.o (memset)
d:/compilechaim/gcc-arm-none-eabi-10.3-2021.10/bin/../lib/gcc/arm-none-eabi/10.3.1/../../../../arm-none-eabi/lib/thumb/v7e-m/nofp\libg.a(lib_a-setvbuf.o)
                              CMakeFiles/TMC_Stallguard.elf.dir/User/Src/retarget.c.obj (setvbuf)
d:/compilechaim/gcc-arm-none-eabi-10.3-2021.10/bin/../lib/gcc/arm-none-eabi/10.3.1/../../../../arm-none-eabi/lib/thumb/v7e-m/nofp\libg.a(lib_a-__call_atexit.o)
                              d:/compilechaim/gcc-arm-none-eabi-10.3-2021.10/bin/../lib/gcc/arm-none-eabi/10.3.1/../../../../arm-none-eabi/lib/thumb/v7e-m/nofp\libg.a(lib_a-exit.o) (__call_exitprocs)
d:/compilechaim/gcc-arm-none-eabi-10.3-2021.10/bin/../lib/gcc/arm-none-eabi/10.3.1/../../../../arm-none-eabi/lib/thumb/v7e-m/nofp\libg.a(lib_a-atexit.o)
                              d:/compilechaim/gcc-arm-none-eabi-10.3-2021.10/bin/../lib/gcc/arm-none-eabi/10.3.1/../../../../arm-none-eabi/lib/thumb/v7e-m/nofp\libg.a(lib_a-__call_atexit.o) (atexit)
d:/compilechaim/gcc-arm-none-eabi-10.3-2021.10/bin/../lib/gcc/arm-none-eabi/10.3.1/../../../../arm-none-eabi/lib/thumb/v7e-m/nofp\libg.a(lib_a-fflush.o)
                              d:/compilechaim/gcc-arm-none-eabi-10.3-2021.10/bin/../lib/gcc/arm-none-eabi/10.3.1/../../../../arm-none-eabi/lib/thumb/v7e-m/nofp\libg.a(lib_a-setvbuf.o) (_fflush_r)
d:/compilechaim/gcc-arm-none-eabi-10.3-2021.10/bin/../lib/gcc/arm-none-eabi/10.3.1/../../../../arm-none-eabi/lib/thumb/v7e-m/nofp\libg.a(lib_a-findfp.o)
[...]
Memory Configuration

Name             Origin             Length             Attributes
CCMRAM           0x10000000         0x00010000         xrw
RAM              0x20000000         0x00030000         xrw
FLASH            0x08000000         0x00100000         xr
*default*        0x00000000         0xffffffff

Linker script and memory map

LOAD d:/compilechaim/gcc-arm-none-eabi-10.3-2021.10/bin/../lib/gcc/arm-none-eabi/10.3.1/thumb/v7e-m/nofp/crti.o
LOAD d:/compilechaim/gcc-arm-none-eabi-10.3-2021.10/bin/../lib/gcc/arm-none-eabi/10.3.1/thumb/v7e-m/nofp/crtbegin.o
LOAD d:/compilechaim/gcc-arm-none-eabi-10.3-2021.10/bin/../lib/gcc/arm-none-eabi/10.3.1/../../../../arm-none-eabi/lib/thumb/v7e-m/nofp/crt0.o
LOAD CMakeFiles/TMC_Stallguard.elf.dir/Core/Src/gpio.c.obj
LOAD CMakeFiles/TMC_Stallguard.elf.dir/Core/Src/main.c.obj
LOAD CMakeFiles/TMC_Stallguard.elf.dir/Core/Src/spi.c.obj
LOAD CMakeFiles/TMC_Stallguard.elf.dir/Core/Src/stm32f4xx_hal_msp.c.obj
LOAD CMakeFiles/TMC_Stallguard.elf.dir/Core/Src/stm32f4xx_it.c.obj
LOAD CMakeFiles/TMC_Stallguard.elf.dir/Core/Src/syscalls.c.obj
LOAD CMakeFiles/TMC_Stallguard.elf.dir/Core/Src/sysmem.c.obj
LOAD CMakeFiles/TMC_Stallguard.elf.dir/Core/Src/system_stm32f4xx.c.obj
LOAD CMakeFiles/TMC_Stallguard.elf.dir/Core/Src/tim.c.obj
LOAD CMakeFiles/TMC_Stallguard.elf.dir/Core/Src/usart.c.obj
LOAD CMakeFiles/TMC_Stallguard.elf.dir/Core/Startup/startup_stm32f429igtx.s.obj
LOAD CMakeFiles/TMC_Stallguard.elf.dir/Drivers/STM32F4xx_HAL_Driver/Src/stm32f4xx_hal.c.obj
LOAD CMakeFiles/TMC_Stallguard.elf.dir/Drivers/STM32F4xx_HAL_Driver/Src/stm32f4xx_hal_cortex.c.obj
LOAD CMakeFiles/TMC_Stallguard.elf.dir/Drivers/STM32F4xx_HAL_Driver/Src/stm32f4xx_hal_dma.c.obj
LOAD CMakeFiles/TMC_Stallguard.elf.dir/Drivers/STM32F4xx_HAL_Driver/Src/stm32f4xx_hal_dma_ex.c.obj
LOAD CMakeFiles/TMC_Stallguard.elf.dir/Drivers/STM32F4xx_HAL_Driver/Src/stm32f4xx_hal_exti.c.obj
LOAD CMakeFiles/TMC_Stallguard.elf.dir/Drivers/STM32F4xx_HAL_Driver/Src/stm32f4xx_hal_flash.c.obj
LOAD CMakeFiles/TMC_Stallguard.elf.dir/Drivers/STM32F4xx_HAL_Driver/Src/stm32f4xx_hal_flash_ex.c.obj
LOAD CMakeFiles/TMC_Stallguard.elf.dir/Drivers/STM32F4xx_HAL_Driver/Src/stm32f4xx_hal_flash_ramfunc.c.obj
LOAD CMakeFiles/TMC_Stallguard.elf.dir/Drivers/STM32F4xx_HAL_Driver/Src/stm32f4xx_hal_gpio.c.obj
LOAD CMakeFiles/TMC_Stallguard.elf.dir/Drivers/STM32F4xx_HAL_Driver/Src/stm32f4xx_hal_pwr.c.obj
LOAD CMakeFiles/TMC_Stallguard.elf.dir/Drivers/STM32F4xx_HAL_Driver/Src/stm32f4xx_hal_pwr_ex.c.obj
LOAD CMakeFiles/TMC_Stallguard.elf.dir/Drivers/STM32F4xx_HAL_Driver/Src/stm32f4xx_hal_rcc.c.obj
LOAD CMakeFiles/TMC_Stallguard.elf.dir/Drivers/STM32F4xx_HAL_Driver/Src/stm32f4xx_hal_rcc_ex.c.obj
LOAD CMakeFiles/TMC_Stallguard.elf.dir/Drivers/STM32F4xx_HAL_Driver/Src/stm32f4xx_hal_spi.c.obj
LOAD CMakeFiles/TMC_Stallguard.elf.dir/Drivers/STM32F4xx_HAL_Driver/Src/stm32f4xx_hal_tim.c.obj
LOAD CMakeFiles/TMC_Stallguard.elf.dir/Drivers/STM32F4xx_HAL_Driver/Src/stm32f4xx_hal_tim_ex.c.obj
LOAD CMakeFiles/TMC_Stallguard.elf.dir/Drivers/STM32F4xx_HAL_Driver/Src/stm32f4xx_hal_uart.c.obj
LOAD CMakeFiles/TMC_Stallguard.elf.dir/TMC-API/tmc/ic/TMC5160/TMC5160.c.obj
LOAD CMakeFiles/TMC_Stallguard.elf.dir/User/Src/delay_us.c.obj
LOAD CMakeFiles/TMC_Stallguard.elf.dir/User/Src/retarget.c.obj
LOAD CMakeFiles/TMC_Stallguard.elf.dir/User/Src/tmc2209.c.obj
LOAD CMakeFiles/TMC_Stallguard.elf.dir/User/Src/tmc5160.c.obj
START GROUP
LOAD d:/compilechaim/gcc-arm-none-eabi-10.3-2021.10/bin/../lib/gcc/arm-none-eabi/10.3.1/thumb/v7e-m/nofp\libgcc.a
LOAD d:/compilechaim/gcc-arm-none-eabi-10.3-2021.10/bin/../lib/gcc/arm-none-eabi/10.3.1/../../../../arm-none-eabi/lib/thumb/v7e-m/nofp\libg.a
LOAD d:/compilechaim/gcc-arm-none-eabi-10.3-2021.10/bin/../lib/gcc/arm-none-eabi/10.3.1/../../../../arm-none-eabi/lib/thumb/v7e-m/nofp\libc.a
END GROUP
LOAD d:/compilechaim/gcc-arm-none-eabi-10.3-2021.10/bin/../lib/gcc/arm-none-eabi/10.3.1/thumb/v7e-m/nofp/crtend.o
LOAD d:/compilechaim/gcc-arm-none-eabi-10.3-2021.10/bin/../lib/gcc/arm-none-eabi/10.3.1/thumb/v7e-m/nofp/crtn.o
                0x20030000                _estack = (ORIGIN (RAM) + LENGTH (RAM))
                0x00000200                _Min_Heap_Size = 0x200
                0x00000400                _Min_Stack_Size = 0x400

.isr_vector     0x08000000      0x1ac
                0x08000000                . = ALIGN (0x4)
 *(.isr_vector)
 .isr_vector    0x08000000      0x1ac CMakeFiles/TMC_Stallguard.elf.dir/Core/Startup/startup_stm32f429igtx.s.obj
                0x08000000                g_pfnVectors
                0x080001ac                . = ALIGN (0x4)

.text           0x080001ac     0x3678
                0x080001ac                . = ALIGN (0x4)
 *(.text)
 .text          0x080001ac       0x40 d:/compilechaim/gcc-arm-none-eabi-10.3-2021.10/bin/../lib/gcc/arm-none-eabi/10.3.1/thumb/v7e-m/nofp/crtbegin.o
 .text          0x080001ec       0x30 d:/compilechaim/gcc-arm-none-eabi-10.3-2021.10/bin/../lib/gcc/arm-none-eabi/10.3.1/thumb/v7e-m/nofp\libgcc.a(_aeabi_uldivmod.o)
                0x080001ec                __aeabi_uldivmod
 .text          0x0800021c      0x2d0 d:/compilechaim/gcc-arm-none-eabi-10.3-2021.10/bin/../lib/gcc/arm-none-eabi/10.3.1/thumb/v7e-m/nofp\libgcc.a(_udivmoddi4.o)
                0x0800021c                __udivmoddi4
 .text          0x080004ec        0x4 d:/compilechaim/gcc-arm-none-eabi-10.3-2021.10/bin/../lib/gcc/arm-none-eabi/10.3.1/thumb/v7e-m/nofp\libgcc.a(_dvmd_tls.o)
                0x080004ec                __aeabi_idiv0
                0x080004ec                __aeabi_ldiv0
 *(.text*)
 .text.MX_GPIO_Init
                0x080004f0       0x38 CMakeFiles/TMC_Stallguard.elf.dir/Core/Src/gpio.c.obj
                0x080004f0                MX_GPIO_Init
 .text.Error_Handler
                0x08000528        0x4 CMakeFiles/TMC_Stallguard.elf.dir/Core/Src/main.c.obj
                0x08000528                Error_Handler
 .text.SystemClock_Config
                0x0800052c       0xa8 CMakeFiles/TMC_Stallguard.elf.dir/Core/Src/main.c.obj
                0x0800052c                SystemClock_Config
 .text.main     0x080005d4       0xe0 CMakeFiles/TMC_Stallguard.elf.dir/Core/Src/main.c.obj
                0x080005d4                main
 .text.MX_SPI1_Init
                0x080006b4       0x48 CMakeFiles/TMC_Stallguard.elf.dir/Core/Src/spi.c.obj
                0x080006b4                MX_SPI1_Init
 .text.HAL_SPI_MspInit
                0x080006fc       0x98 CMakeFiles/TMC_Stallguard.elf.dir/Core/Src/spi.c.obj
                0x080006fc                HAL_SPI_MspInit
 .text.HAL_MspInit
                0x08000794       0x38 CMakeFiles/TMC_Stallguard.elf.dir/Core/Src/stm32f4xx_hal_msp.c.obj
                0x08000794                HAL_MspInit
 .text.NMI_Handler
                0x080007cc        0x2 CMakeFiles/TMC_Stallguard.elf.dir/Core/Src/stm32f4xx_it.c.obj
                0x080007cc                NMI_Handler
 .text.HardFault_Handler
                0x080007ce        0x2 CMakeFiles/TMC_Stallguard.elf.dir/Core/Src/stm32f4xx_it.c.obj
                0x080007ce                HardFault_Handler
 .text.MemManage_Handler
                0x080007d0        0x2 CMakeFiles/TMC_Stallguard.elf.dir/Core/Src/stm32f4xx_it.c.obj
                0x080007d0                MemManage_Handler
 .text.BusFault_Handler
                0x080007d2        0x2 CMakeFiles/TMC_Stallguard.elf.dir/Core/Src/stm32f4xx_it.c.obj
                0x080007d2                BusFault_Handler
 .text.UsageFault_Handler
                0x080007d4        0x2 CMakeFiles/TMC_Stallguard.elf.dir/Core/Src/stm32f4xx_it.c.obj
                0x080007d4                UsageFault_Handler
 .text.SVC_Handler
                0x080007d6        0x2 CMakeFiles/TMC_Stallguard.elf.dir/Core/Src/stm32f4xx_it.c.obj
                0x080007d6                SVC_Handler
 .text.DebugMon_Handler
                0x080007d8        0x2 CMakeFiles/TMC_Stallguard.elf.dir/Core/Src/stm32f4xx_it.c.obj
                0x080007d8                DebugMon_Handler
 .text.PendSV_Handler
                0x080007da        0x2 CMakeFiles/TMC_Stallguard.elf.dir/Core/Src/stm32f4xx_it.c.obj
                0x080007da                PendSV_Handler
 .text.SysTick_Handler
                0x080007dc        0x8 CMakeFiles/TMC_Stallguard.elf.dir/Core/Src/stm32f4xx_it.c.obj
                0x080007dc                SysTick_Handler
 .text.USART1_IRQHandler
                0x080007e4       0x10 CMakeFiles/TMC_Stallguard.elf.dir/Core/Src/stm32f4xx_it.c.obj
                0x080007e4                USART1_IRQHandler
 .text.USART2_IRQHandler
                0x080007f4       0x10 CMakeFiles/TMC_Stallguard.elf.dir/Core/Src/stm32f4xx_it.c.obj
                0x080007f4                USART2_IRQHandler
 .text._sbrk    0x08000804       0x48 CMakeFiles/TMC_Stallguard.elf.dir/Core/Src/sysmem.c.obj
                0x08000804                _sbrk
 .text.SystemInit
                0x0800084c        0x2 CMakeFiles/TMC_Stallguard.elf.dir/Core/Src/system_stm32f4xx.c.obj
                0x0800084c                SystemInit
 *fill*         0x0800084e        0x2 
 .text.MX_TIM7_Init
                0x08000850       0x4c CMakeFiles/TMC_Stallguard.elf.dir/Core/Src/tim.c.obj
                0x08000850                MX_TIM7_Init
 .text.HAL_TIM_Base_MspInit
                0x0800089c       0x30 CMakeFiles/TMC_Stallguard.elf.dir/Core/Src/tim.c.obj
                0x0800089c                HAL_TIM_Base_MspInit
 .text.MX_USART1_UART_Init
                0x080008cc       0x34 CMakeFiles/TMC_Stallguard.elf.dir/Core/Src/usart.c.obj
                0x080008cc                MX_USART1_UART_Init
 .text.MX_USART2_UART_Init
                0x08000900       0x34 CMakeFiles/TMC_Stallguard.elf.dir/Core/Src/usart.c.obj
                0x08000900                MX_USART2_UART_Init
 .text.HAL_UART_MspInit
                0x08000934       0xe0 CMakeFiles/TMC_Stallguard.elf.dir/Core/Src/usart.c.obj
                0x08000934                HAL_UART_MspInit
 .text.Reset_Handler
                0x08000a14       0x50 CMakeFiles/TMC_Stallguard.elf.dir/Core/Startup/startup_stm32f429igtx.s.obj
                0x08000a14                Reset_Handler
 .text.Default_Handler
                0x08000a64        0x2 CMakeFiles/TMC_Stallguard.elf.dir/Core/Startup/startup_stm32f429igtx.s.obj
                0x08000a64                RTC_Alarm_IRQHandler
                0x08000a64                HASH_RNG_IRQHandler
                0x08000a64                EXTI2_IRQHandler
                0x08000a64                TIM8_CC_IRQHandler
                0x08000a64                UART8_IRQHandler
                0x08000a64                SPI4_IRQHandler
                0x08000a64                TIM1_CC_IRQHandler
                0x08000a64                DMA2_Stream5_IRQHandler
                0x08000a64                DMA1_Stream5_IRQHandler
                0x08000a64                PVD_IRQHandler
                0x08000a64                SDIO_IRQHandler
                0x08000a64                TAMP_STAMP_IRQHandler
                0x08000a64                CAN2_RX1_IRQHandler
                0x08000a64                EXTI3_IRQHandler
                0x08000a64                TIM8_TRG_COM_TIM14_IRQHandler
                0x08000a64                TIM1_UP_TIM10_IRQHandler
                0x08000a64                TIM8_UP_TIM13_IRQHandler
                0x08000a64                I2C3_ER_IRQHandler
                0x08000a64                EXTI0_IRQHandler
                0x08000a64                I2C2_EV_IRQHandler
                0x08000a64                DMA1_Stream2_IRQHandler
                0x08000a64                CAN1_RX0_IRQHandler
                0x08000a64                FPU_IRQHandler
                0x08000a64                OTG_HS_WKUP_IRQHandler
                0x08000a64                LTDC_ER_IRQHandler
                0x08000a64                CAN2_SCE_IRQHandler
                0x08000a64                DMA2_Stream2_IRQHandler
                0x08000a64                SPI1_IRQHandler
                0x08000a64                TIM6_DAC_IRQHandler
                0x08000a64                TIM1_BRK_TIM9_IRQHandler
                0x08000a64                DCMI_IRQHandler
                0x08000a64                CAN2_RX0_IRQHandler
                0x08000a64                DMA2_Stream3_IRQHandler
                0x08000a64                USART6_IRQHandler
                0x08000a64                USART3_IRQHandler
                0x08000a64                CAN1_RX1_IRQHandler
                0x08000a64                UART5_IRQHandler
                0x08000a64                DMA2_Stream0_IRQHandler
                0x08000a64                TIM4_IRQHandler
                0x08000a64                I2C1_EV_IRQHandler
                0x08000a64                DMA1_Stream6_IRQHandler
                0x08000a64                DMA1_Stream1_IRQHandler
                0x08000a64                UART4_IRQHandler
                0x08000a64                TIM3_IRQHandler
                0x08000a64                RCC_IRQHandler
                0x08000a64                TIM8_BRK_TIM12_IRQHandler
                0x08000a64                Default_Handler
                0x08000a64                EXTI15_10_IRQHandler
                0x08000a64                ADC_IRQHandler
                0x08000a64                DMA1_Stream7_IRQHandler
                0x08000a64                SPI5_IRQHandler
                0x08000a64                TIM7_IRQHandler
                0x08000a64                CAN2_TX_IRQHandler
                0x08000a64                TIM5_IRQHandler
                0x08000a64                DMA2_Stream7_IRQHandler
                0x08000a64                I2C3_EV_IRQHandler
                0x08000a64                EXTI9_5_IRQHandler
                0x08000a64                RTC_WKUP_IRQHandler
                0x08000a64                LTDC_IRQHandler
                0x08000a64                ETH_WKUP_IRQHandler
                0x08000a64                SPI2_IRQHandler
                0x08000a64                OTG_HS_EP1_IN_IRQHandler
                0x08000a64                DMA1_Stream0_IRQHandler
                0x08000a64                CAN1_TX_IRQHandler
                0x08000a64                EXTI4_IRQHandler
                0x08000a64                ETH_IRQHandler
                0x08000a64                OTG_HS_EP1_OUT_IRQHandler
                0x08000a64                WWDG_IRQHandler
                0x08000a64                SPI6_IRQHandler
                0x08000a64                TIM2_IRQHandler
                0x08000a64                OTG_FS_WKUP_IRQHandler
                0x08000a64                TIM1_TRG_COM_TIM11_IRQHandler
                0x08000a64                OTG_HS_IRQHandler
                0x08000a64                DMA2D_IRQHandler
                0x08000a64                EXTI1_IRQHandler
                0x08000a64                UART7_IRQHandler
                0x08000a64                I2C2_ER_IRQHandler
                0x08000a64                DMA2_Stream1_IRQHandler
                0x08000a64                CAN1_SCE_IRQHandler
                0x08000a64                FLASH_IRQHandler
                0x08000a64                DMA2_Stream4_IRQHandler
                0x08000a64                OTG_FS_IRQHandler
                0x08000a64                SPI3_IRQHandler
                0x08000a64                DMA1_Stream4_IRQHandler
                0x08000a64                I2C1_ER_IRQHandler
                0x08000a64                FMC_IRQHandler
                0x08000a64                DMA2_Stream6_IRQHandler
                0x08000a64                SAI1_IRQHandler
                0x08000a64                DMA1_Stream3_IRQHandler
 *fill*         0x08000a66        0x2 
 .text.HAL_InitTick
                0x08000a68       0x4c CMakeFiles/TMC_Stallguard.elf.dir/Drivers/STM32F4xx_HAL_Driver/Src/stm32f4xx_hal.c.obj
                0x08000a68                HAL_InitTick
 .text.HAL_Init
                0x08000ab4       0x34 CMakeFiles/TMC_Stallguard.elf.dir/Drivers/STM32F4xx_HAL_Driver/Src/stm32f4xx_hal.c.obj
                0x08000ab4                HAL_Init
 .text.HAL_IncTick
                0x08000ae8       0x18 CMakeFiles/TMC_Stallguard.elf.dir/Drivers/STM32F4xx_HAL_Driver/Src/stm32f4xx_hal.c.obj
                0x08000ae8                HAL_IncTick
 .text.HAL_GetTick
                0x08000b00        0xc CMakeFiles/TMC_Stallguard.elf.dir/Drivers/STM32F4xx_HAL_Driver/Src/stm32f4xx_hal.c.obj
                0x08000b00                HAL_GetTick
 .text.HAL_Delay
                0x08000b0c       0x28 CMakeFiles/TMC_Stallguard.elf.dir/Drivers/STM32F4xx_HAL_Driver/Src/stm32f4xx_hal.c.obj
                0x08000b0c                HAL_Delay
 .text.HAL_NVIC_SetPriorityGrouping
                0x08000b34       0x24 CMakeFiles/TMC_Stallguard.elf.dir/Drivers/STM32F4xx_HAL_Driver/Src/stm32f4xx_hal_cortex.c.obj
                0x08000b34                HAL_NVIC_SetPriorityGrouping
 .text.HAL_NVIC_SetPriority
                0x08000b58       0x70 CMakeFiles/TMC_Stallguard.elf.dir/Drivers/STM32F4xx_HAL_Driver/Src/stm32f4xx_hal_cortex.c.obj
                0x08000b58                HAL_NVIC_SetPriority
 .text.HAL_NVIC_EnableIRQ
                0x08000bc8       0x1c CMakeFiles/TMC_Stallguard.elf.dir/Drivers/STM32F4xx_HAL_Driver/Src/stm32f4xx_hal_cortex.c.obj
                0x08000bc8                HAL_NVIC_EnableIRQ
 .text.HAL_SYSTICK_Config
                0x08000be4       0x28 CMakeFiles/TMC_Stallguard.elf.dir/Drivers/STM32F4xx_HAL_Driver/Src/stm32f4xx_hal_cortex.c.obj
                0x08000be4                HAL_SYSTICK_Config
 .text.HAL_DMA_Abort
                0x08000c0c       0x94 CMakeFiles/TMC_Stallguard.elf.dir/Drivers/STM32F4xx_HAL_Driver/Src/stm32f4xx_hal_dma.c.obj
                0x08000c0c                HAL_DMA_Abort
 .text.HAL_DMA_Abort_IT
                0x08000ca0       0x26 CMakeFiles/TMC_Stallguard.elf.dir/Drivers/STM32F4xx_HAL_Driver/Src/stm32f4xx_hal_dma.c.obj
                0x08000ca0                HAL_DMA_Abort_IT
 *fill*         0x08000cc6        0x2 
 .text.HAL_GPIO_Init
                0x08000cc8      0x1fc CMakeFiles/TMC_Stallguard.elf.dir/Drivers/STM32F4xx_HAL_Driver/Src/stm32f4xx_hal_gpio.c.obj
                0x08000cc8                HAL_GPIO_Init
 .text.HAL_GPIO_WritePin
                0x08000ec4        0xc CMakeFiles/TMC_Stallguard.elf.dir/Drivers/STM32F4xx_HAL_Driver/Src/stm32f4xx_hal_gpio.c.obj
                0x08000ec4                HAL_GPIO_WritePin
 .text.HAL_RCC_OscConfig
                0x08000ed0      0x3f8 CMakeFiles/TMC_Stallguard.elf.dir/Drivers/STM32F4xx_HAL_Driver/Src/stm32f4xx_hal_rcc.c.obj
                0x08000ed0                HAL_RCC_OscConfig
 .text.HAL_RCC_GetSysClockFreq
                0x080012c8       0xa4 CMakeFiles/TMC_Stallguard.elf.dir/Drivers/STM32F4xx_HAL_Driver/Src/stm32f4xx_hal_rcc.c.obj
                0x080012c8                HAL_RCC_GetSysClockFreq
 .text.HAL_RCC_ClockConfig
                0x0800136c      0x160 CMakeFiles/TMC_Stallguard.elf.dir/Drivers/STM32F4xx_HAL_Driver/Src/stm32f4xx_hal_rcc.c.obj
                0x0800136c                HAL_RCC_ClockConfig
 .text.HAL_RCC_GetHCLKFreq
                0x080014cc        0xc CMakeFiles/TMC_Stallguard.elf.dir/Drivers/STM32F4xx_HAL_Driver/Src/stm32f4xx_hal_rcc.c.obj
                0x080014cc                HAL_RCC_GetHCLKFreq
 .text.HAL_RCC_GetPCLK1Freq
                0x080014d8       0x20 CMakeFiles/TMC_Stallguard.elf.dir/Drivers/STM32F4xx_HAL_Driver/Src/stm32f4xx_hal_rcc.c.obj
                0x080014d8                HAL_RCC_GetPCLK1Freq
 .text.HAL_RCC_GetPCLK2Freq
                0x080014f8       0x20 CMakeFiles/TMC_Stallguard.elf.dir/Drivers/STM32F4xx_HAL_Driver/Src/stm32f4xx_hal_rcc.c.obj
                0x080014f8                HAL_RCC_GetPCLK2Freq
 .text.SPI_WaitFlagStateUntilTimeout
                0x08001518       0xd4 CMakeFiles/TMC_Stallguard.elf.dir/Drivers/STM32F4xx_HAL_Driver/Src/stm32f4xx_hal_spi.c.obj
 .text.SPI_EndRxTxTransaction
                0x080015ec       0x68 CMakeFiles/TMC_Stallguard.elf.dir/Drivers/STM32F4xx_HAL_Driver/Src/stm32f4xx_hal_spi.c.obj
 .text.HAL_SPI_Init
                0x08001654       0xbe CMakeFiles/TMC_Stallguard.elf.dir/Drivers/STM32F4xx_HAL_Driver/Src/stm32f4xx_hal_spi.c.obj
                0x08001654                HAL_SPI_Init
 .text.HAL_SPI_TransmitReceive
                0x08001712      0x238 CMakeFiles/TMC_Stallguard.elf.dir/Drivers/STM32F4xx_HAL_Driver/Src/stm32f4xx_hal_spi.c.obj
                0x08001712                HAL_SPI_TransmitReceive
 *fill*         0x0800194a        0x2 
 .text.TIM_Base_SetConfig
                0x0800194c       0xc8 CMakeFiles/TMC_Stallguard.elf.dir/Drivers/STM32F4xx_HAL_Driver/Src/stm32f4xx_hal_tim.c.obj
                0x0800194c                TIM_Base_SetConfig
 .text.HAL_TIM_Base_Init
                0x08001a14       0x58 CMakeFiles/TMC_Stallguard.elf.dir/Drivers/STM32F4xx_HAL_Driver/Src/stm32f4xx_hal_tim.c.obj
                0x08001a14                HAL_TIM_Base_Init
 .text.HAL_TIMEx_MasterConfigSynchronization
                0x08001a6c       0x8c CMakeFiles/TMC_Stallguard.elf.dir/Drivers/STM32F4xx_HAL_Driver/Src/stm32f4xx_hal_tim_ex.c.obj
                0x08001a6c                HAL_TIMEx_MasterConfigSynchronization
 .text.UART_EndRxTransfer
                0x08001af8       0x5c CMakeFiles/TMC_Stallguard.elf.dir/Drivers/STM32F4xx_HAL_Driver/Src/stm32f4xx_hal_uart.c.obj
 .text.UART_Transmit_IT
                0x08001b54       0x60 CMakeFiles/TMC_Stallguard.elf.dir/Drivers/STM32F4xx_HAL_Driver/Src/stm32f4xx_hal_uart.c.obj
 .text.UART_SetConfig
                0x08001bb4      0x110 CMakeFiles/TMC_Stallguard.elf.dir/Drivers/STM32F4xx_HAL_Driver/Src/stm32f4xx_hal_uart.c.obj
 .text.UART_WaitOnFlagUntilTimeout
                0x08001cc4       0x88 CMakeFiles/TMC_Stallguard.elf.dir/Drivers/STM32F4xx_HAL_Driver/Src/stm32f4xx_hal_uart.c.obj
 .text.HAL_UART_Init
                0x08001d4c       0x5e CMakeFiles/TMC_Stallguard.elf.dir/Drivers/STM32F4xx_HAL_Driver/Src/stm32f4xx_hal_uart.c.obj
                0x08001d4c                HAL_UART_Init
 .text.HAL_HalfDuplex_Init
                0x08001daa       0x6a CMakeFiles/TMC_Stallguard.elf.dir/Drivers/STM32F4xx_HAL_Driver/Src/stm32f4xx_hal_uart.c.obj
                0x08001daa                HAL_HalfDuplex_Init
 .text.HAL_UART_Transmit
                0x08001e14       0xd8 CMakeFiles/TMC_Stallguard.elf.dir/Drivers/STM32F4xx_HAL_Driver/Src/stm32f4xx_hal_uart.c.obj
                0x08001e14                HAL_UART_Transmit
 .text.HAL_UART_Receive
                0x08001eec       0xe4 CMakeFiles/TMC_Stallguard.elf.dir/Drivers/STM32F4xx_HAL_Driver/Src/stm32f4xx_hal_uart.c.obj
                0x08001eec                HAL_UART_Receive
 .text.HAL_UART_Transmit_IT
                0x08001fd0       0x4e CMakeFiles/TMC_Stallguard.elf.dir/Drivers/STM32F4xx_HAL_Driver/Src/stm32f4xx_hal_uart.c.obj
                0x08001fd0                HAL_UART_Transmit_IT
 .text.HAL_UART_TxCpltCallback
                0x0800201e        0x2 CMakeFiles/TMC_Stallguard.elf.dir/Drivers/STM32F4xx_HAL_Driver/Src/stm32f4xx_hal_uart.c.obj
                0x0800201e                HAL_UART_TxCpltCallback
 .text.UART_EndTransmit_IT
                0x08002020       0x1a CMakeFiles/TMC_Stallguard.elf.dir/Drivers/STM32F4xx_HAL_Driver/Src/stm32f4xx_hal_uart.c.obj
 .text.HAL_UART_ErrorCallback
                0x0800203a        0x2 CMakeFiles/TMC_Stallguard.elf.dir/Drivers/STM32F4xx_HAL_Driver/Src/stm32f4xx_hal_uart.c.obj
                0x0800203a                HAL_UART_ErrorCallback
 .text.UART_DMAAbortOnError
                0x0800203c       0x10 CMakeFiles/TMC_Stallguard.elf.dir/Drivers/STM32F4xx_HAL_Driver/Src/stm32f4xx_hal_uart.c.obj
 .text.HAL_UARTEx_RxEventCallback
                0x0800204c        0x2 CMakeFiles/TMC_Stallguard.elf.dir/Drivers/STM32F4xx_HAL_Driver/Src/stm32f4xx_hal_uart.c.obj
                0x0800204c                HAL_UARTEx_RxEventCallback
 .text.UART_Receive_IT
                0x0800204e       0xe2 CMakeFiles/TMC_Stallguard.elf.dir/Drivers/STM32F4xx_HAL_Driver/Src/stm32f4xx_hal_uart.c.obj
 .text.HAL_UART_IRQHandler
                0x08002130      0x280 CMakeFiles/TMC_Stallguard.elf.dir/Drivers/STM32F4xx_HAL_Driver/Src/stm32f4xx_hal_uart.c.obj
                0x08002130                HAL_UART_IRQHandler
 .text.UART_Start_Receive_IT
                0x080023b0       0x3a CMakeFiles/TMC_Stallguard.elf.dir/Drivers/STM32F4xx_HAL_Driver/Src/stm32f4xx_hal_uart.c.obj
                0x080023b0                UART_Start_Receive_IT
 .text.HAL_UART_Receive_IT
                0x080023ea       0x38 CMakeFiles/TMC_Stallguard.elf.dir/Drivers/STM32F4xx_HAL_Driver/Src/stm32f4xx_hal_uart.c.obj
                0x080023ea                HAL_UART_Receive_IT
 *fill*         0x08002422        0x2 
 .text.tmc5160_readWriteArray
                0x08002424       0x48 CMakeFiles/TMC_Stallguard.elf.dir/TMC-API/tmc/ic/TMC5160/TMC5160.c.obj
                0x08002424                tmc5160_readWriteArray
 .text.tmc5160_writeDatagram
                0x0800246c       0x66 CMakeFiles/TMC_Stallguard.elf.dir/TMC-API/tmc/ic/TMC5160/TMC5160.c.obj
                0x0800246c                tmc5160_writeDatagram
 .text.tmc5160_writeInt
                0x080024d2       0x1e CMakeFiles/TMC_Stallguard.elf.dir/TMC-API/tmc/ic/TMC5160/TMC5160.c.obj
                0x080024d2                tmc5160_writeInt
 .text.tmc5160_readInt
                0x080024f0       0x70 CMakeFiles/TMC_Stallguard.elf.dir/TMC-API/tmc/ic/TMC5160/TMC5160.c.obj
                0x080024f0                tmc5160_readInt
 .text.tmc5160_init
                0x08002560       0x48 CMakeFiles/TMC_Stallguard.elf.dir/TMC-API/tmc/ic/TMC5160/TMC5160.c.obj
                0x08002560                tmc5160_init
 .text.RetargetInit
                0x080025a8       0x20 CMakeFiles/TMC_Stallguard.elf.dir/User/Src/retarget.c.obj
                0x080025a8                RetargetInit
 .text._write   0x080025c8       0x34 CMakeFiles/TMC_Stallguard.elf.dir/User/Src/retarget.c.obj
                0x080025c8                _write
 .text._close   0x080025fc       0x18 CMakeFiles/TMC_Stallguard.elf.dir/User/Src/retarget.c.obj
                0x080025fc                _close
 .text._lseek   0x08002614       0x10 CMakeFiles/TMC_Stallguard.elf.dir/User/Src/retarget.c.obj
                0x08002614                _lseek
 .text._read    0x08002624       0x30 CMakeFiles/TMC_Stallguard.elf.dir/User/Src/retarget.c.obj
                0x08002624                _read
 .text._fstat   0x08002654       0x1a CMakeFiles/TMC_Stallguard.elf.dir/User/Src/retarget.c.obj
                0x08002654                _fstat
 *fill*         0x0800266e        0x2 
 .text.HAL_UART_RxCpltCallback
                0x08002670       0x34 CMakeFiles/TMC_Stallguard.elf.dir/User/Src/tmc2209.c.obj
                0x08002670                HAL_UART_RxCpltCallback
 .text.__errno  0x080026a4        0xc d:/compilechaim/gcc-arm-none-eabi-10.3-2021.10/bin/../lib/gcc/arm-none-eabi/10.3.1/../../../../arm-none-eabi/lib/thumb/v7e-m/nofp\libg.a(lib_a-errno.o)
                0x080026a4                __errno
 .text.__libc_init_array
                0x080026b0       0x48 d:/compilechaim/gcc-arm-none-eabi-10.3-2021.10/bin/../lib/gcc/arm-none-eabi/10.3.1/../../../../arm-none-eabi/lib/thumb/v7e-m/nofp\libg.a(lib_a-init.o)
                0x080026b0                __libc_init_array
 .text.memset   0x080026f8       0xa4 d:/compilechaim/gcc-arm-none-eabi-10.3-2021.10/bin/../lib/gcc/arm-none-eabi/10.3.1/../../../../arm-none-eabi/lib/thumb/v7e-m/nofp\libg.a(lib_a-memset.o)
                0x080026f8                memset
 .text.setvbuf  0x0800279c      0x1b0 d:/compilechaim/gcc-arm-none-eabi-10.3-2021.10/bin/../lib/gcc/arm-none-eabi/10.3.1/../../../../arm-none-eabi/lib/thumb/v7e-m/nofp\libg.a(lib_a-setvbuf.o)
                0x0800279c                setvbuf
 .text.startup.register_fini
                0x0800294c       0x14 d:/compilechaim/gcc-arm-none-eabi-10.3-2021.10/bin/../lib/gcc/arm-none-eabi/10.3.1/../../../../arm-none-eabi/lib/thumb/v7e-m/nofp\libg.a(lib_a-__call_atexit.o)
 .text.atexit   0x08002960        0xc d:/compilechaim/gcc-arm-none-eabi-10.3-2021.10/bin/../lib/gcc/arm-none-eabi/10.3.1/../../../../arm-none-eabi/lib/thumb/v7e-m/nofp\libg.a(lib_a-atexit.o)
                0x08002960                atexit
 .text.__sflush_r
                0x0800296c      0x120 d:/compilechaim/gcc-arm-none-eabi-10.3-2021.10/bin/../lib/gcc/arm-none-eabi/10.3.1/../../../../arm-none-eabi/lib/thumb/v7e-m/nofp\libg.a(lib_a-fflush.o)
                0x0800296c                __sflush_r
 .text._fflush_r
                0x08002a8c       0x5c d:/compilechaim/gcc-arm-none-eabi-10.3-2021.10/bin/../lib/gcc/arm-none-eabi/10.3.1/../../../../arm-none-eabi/lib/thumb/v7e-m/nofp\libg.a(lib_a-fflush.o)
                0x08002a8c                _fflush_r
 .text._cleanup_r
                0x08002ae8        0xc d:/compilechaim/gcc-arm-none-eabi-10.3-2021.10/bin/../lib/gcc/arm-none-eabi/10.3.1/../../../../arm-none-eabi/lib/thumb/v7e-m/nofp\libg.a(lib_a-findfp.o)
                0x08002ae8                _cleanup_r
 .text.__sinit  0x08002af4      0x10c d:/compilechaim/gcc-arm-none-eabi-10.3-2021.10/bin/../lib/gcc/arm-none-eabi/10.3.1/../../../../arm-none-eabi/lib/thumb/v7e-m/nofp\libg.a(lib_a-findfp.o)
                0x08002af4                __sinit
 .text.__sfp_lock_acquire
                0x08002c00        0xc d:/compilechaim/gcc-arm-none-eabi-10.3-2021.10/bin/../lib/gcc/arm-none-eabi/10.3.1/../../../../arm-none-eabi/lib/thumb/v7e-m/nofp\libg.a(lib_a-findfp.o)
                0x08002c00                __sfp_lock_acquire
 .text.__sfp_lock_release
                0x08002c0c        0xc d:/compilechaim/gcc-arm-none-eabi-10.3-2021.10/bin/../lib/gcc/arm-none-eabi/10.3.1/../../../../arm-none-eabi/lib/thumb/v7e-m/nofp\libg.a(lib_a-findfp.o)
                0x08002c0c                __sfp_lock_release
 .text.__libc_fini_array
                0x08002c18       0x2c d:/compilechaim/gcc-arm-none-eabi-10.3-2021.10/bin/../lib/gcc/arm-none-eabi/10.3.1/../../../../arm-none-eabi/lib/thumb/v7e-m/nofp\libg.a(lib_a-fini.o)
                0x08002c18                __libc_fini_array
 .text._malloc_trim_r
                0x08002c44       0xa0 d:/compilechaim/gcc-arm-none-eabi-10.3-2021.10/bin/../lib/gcc/arm-none-eabi/10.3.1/../../../../arm-none-eabi/lib/thumb/v7e-m/nofp\libg.a(lib_a-freer.o)
                0x08002c44                _malloc_trim_r
 .text._free_r  0x08002ce4      0x20c d:/compilechaim/gcc-arm-none-eabi-10.3-2021.10/bin/../lib/gcc/arm-none-eabi/10.3.1/../../../../arm-none-eabi/lib/thumb/v7e-m/nofp\libg.a(lib_a-freer.o)
                0x08002ce4                _free_r
 .text._fwalk_reent
                0x08002ef0       0x48 d:/compilechaim/gcc-arm-none-eabi-10.3-2021.10/bin/../lib/gcc/arm-none-eabi/10.3.1/../../../../arm-none-eabi/lib/thumb/v7e-m/nofp\libg.a(lib_a-fwalk.o)
                0x08002ef0                _fwalk_reent
 .text.__retarget_lock_init_recursive
                0x08002f38        0x4 d:/compilechaim/gcc-arm-none-eabi-10.3-2021.10/bin/../lib/gcc/arm-none-eabi/10.3.1/../../../../arm-none-eabi/lib/thumb/v7e-m/nofp\libg.a(lib_a-lock.o)
                0x08002f38                __retarget_lock_init_recursive
 .text.__retarget_lock_close_recursive
                0x08002f3c        0x4 d:/compilechaim/gcc-arm-none-eabi-10.3-2021.10/bin/../lib/gcc/arm-none-eabi/10.3.1/../../../../arm-none-eabi/lib/thumb/v7e-m/nofp\libg.a(lib_a-lock.o)
                0x08002f3c                __retarget_lock_close_recursive
 .text.__retarget_lock_acquire_recursive
                0x08002f40        0x4 d:/compilechaim/gcc-arm-none-eabi-10.3-2021.10/bin/../lib/gcc/arm-none-eabi/10.3.1/../../../../arm-none-eabi/lib/thumb/v7e-m/nofp\libg.a(lib_a-lock.o)
                0x08002f40                __retarget_lock_acquire_recursive
 .text.__retarget_lock_release_recursive
                0x08002f44        0x4 d:/compilechaim/gcc-arm-none-eabi-10.3-2021.10/bin/../lib/gcc/arm-none-eabi/10.3.1/../../../../arm-none-eabi/lib/thumb/v7e-m/nofp\libg.a(lib_a-lock.o)
                0x08002f44                __retarget_lock_release_recursive
 .text.__swhatbuf_r
                0x08002f48       0x60 d:/compilechaim/gcc-arm-none-eabi-10.3-2021.10/bin/../lib/gcc/arm-none-eabi/10.3.1/../../../../arm-none-eabi/lib/thumb/v7e-m/nofp\libg.a(lib_a-makebuf.o)
                0x08002f48                __swhatbuf_r
 .text.malloc   0x08002fa8       0x10 d:/compilechaim/gcc-arm-none-eabi-10.3-2021.10/bin/../lib/gcc/arm-none-eabi/10.3.1/../../../../arm-none-eabi/lib/thumb/v7e-m/nofp\libg.a(lib_a-malloc.o)
                0x08002fa8                malloc
 .text._malloc_r
                0x08002fb8      0x560 d:/compilechaim/gcc-arm-none-eabi-10.3-2021.10/bin/../lib/gcc/arm-none-eabi/10.3.1/../../../../arm-none-eabi/lib/thumb/v7e-m/nofp\libg.a(lib_a-mallocr.o)
                0x08002fb8                _malloc_r
 .text.__malloc_lock
                0x08003518        0xc d:/compilechaim/gcc-arm-none-eabi-10.3-2021.10/bin/../lib/gcc/arm-none-eabi/10.3.1/../../../../arm-none-eabi/lib/thumb/v7e-m/nofp\libg.a(lib_a-mlock.o)
                0x08003518                __malloc_lock
 .text.__malloc_unlock
                0x08003524        0xc d:/compilechaim/gcc-arm-none-eabi-10.3-2021.10/bin/../lib/gcc/arm-none-eabi/10.3.1/../../../../arm-none-eabi/lib/thumb/v7e-m/nofp\libg.a(lib_a-mlock.o)
                0x08003524                __malloc_unlock
 .text._sbrk_r  0x08003530       0x24 d:/compilechaim/gcc-arm-none-eabi-10.3-2021.10/bin/../lib/gcc/arm-none-eabi/10.3.1/../../../../arm-none-eabi/lib/thumb/v7e-m/nofp\libg.a(lib_a-sbrkr.o)
                0x08003530                _sbrk_r
 .text.__sread  0x08003554       0x24 d:/compilechaim/gcc-arm-none-eabi-10.3-2021.10/bin/../lib/gcc/arm-none-eabi/10.3.1/../../../../arm-none-eabi/lib/thumb/v7e-m/nofp\libg.a(lib_a-stdio.o)
                0x08003554                __sread
 .text.__swrite
                0x08003578       0x40 d:/compilechaim/gcc-arm-none-eabi-10.3-2021.10/bin/../lib/gcc/arm-none-eabi/10.3.1/../../../../arm-none-eabi/lib/thumb/v7e-m/nofp\libg.a(lib_a-stdio.o)
                0x08003578                __swrite
 .text.__sseek  0x080035b8       0x20 d:/compilechaim/gcc-arm-none-eabi-10.3-2021.10/bin/../lib/gcc/arm-none-eabi/10.3.1/../../../../arm-none-eabi/lib/thumb/v7e-m/nofp\libg.a(lib_a-stdio.o)
                0x080035b8                __sseek
 .text.__sclose
                0x080035d8        0x8 d:/compilechaim/gcc-arm-none-eabi-10.3-2021.10/bin/../lib/gcc/arm-none-eabi/10.3.1/../../../../arm-none-eabi/lib/thumb/v7e-m/nofp\libg.a(lib_a-stdio.o)
                0x080035d8                __sclose
 .text._write_r
                0x080035e0       0x2c d:/compilechaim/gcc-arm-none-eabi-10.3-2021.10/bin/../lib/gcc/arm-none-eabi/10.3.1/../../../../arm-none-eabi/lib/thumb/v7e-m/nofp\libg.a(lib_a-writer.o)
                0x080035e0                _write_r
 .text.__register_exitproc
                0x0800360c       0x8c d:/compilechaim/gcc-arm-none-eabi-10.3-2021.10/bin/../lib/gcc/arm-none-eabi/10.3.1/../../../../arm-none-eabi/lib/thumb/v7e-m/nofp\libg.a(lib_a-__atexit.o)
                0x0800360c                __register_exitproc
 .text._close_r
                0x08003698       0x24 d:/compilechaim/gcc-arm-none-eabi-10.3-2021.10/bin/../lib/gcc/arm-none-eabi/10.3.1/../../../../arm-none-eabi/lib/thumb/v7e-m/nofp\libg.a(lib_a-closer.o)
                0x08003698                _close_r
 .text._fclose_r
                0x080036bc       0xcc d:/compilechaim/gcc-arm-none-eabi-10.3-2021.10/bin/../lib/gcc/arm-none-eabi/10.3.1/../../../../arm-none-eabi/lib/thumb/v7e-m/nofp\libg.a(lib_a-fclose.o)
                0x080036bc                _fclose_r
 .text._fstat_r
                0x08003788       0x2c d:/compilechaim/gcc-arm-none-eabi-10.3-2021.10/bin/../lib/gcc/arm-none-eabi/10.3.1/../../../../arm-none-eabi/lib/thumb/v7e-m/nofp\libg.a(lib_a-fstatr.o)
                0x08003788                _fstat_r
 .text._lseek_r
                0x080037b4       0x2c d:/compilechaim/gcc-arm-none-eabi-10.3-2021.10/bin/../lib/gcc/arm-none-eabi/10.3.1/../../../../arm-none-eabi/lib/thumb/v7e-m/nofp\libg.a(lib_a-lseekr.o)
                0x080037b4                _lseek_r
 .text._read_r  0x080037e0       0x2c d:/compilechaim/gcc-arm-none-eabi-10.3-2021.10/bin/../lib/gcc/arm-none-eabi/10.3.1/../../../../arm-none-eabi/lib/thumb/v7e-m/nofp\libg.a(lib_a-readr.o)
                0x080037e0                _read_r
 *(.glue_7)
 .glue_7        0x0800380c        0x0 linker stubs
 *(.glue_7t)
 .glue_7t       0x0800380c        0x0 linker stubs
 *(.eh_frame)
 .eh_frame      0x0800380c        0x0 d:/compilechaim/gcc-arm-none-eabi-10.3-2021.10/bin/../lib/gcc/arm-none-eabi/10.3.1/thumb/v7e-m/nofp/crtbegin.o
 *(.init)
 .init          0x0800380c        0x4 d:/compilechaim/gcc-arm-none-eabi-10.3-2021.10/bin/../lib/gcc/arm-none-eabi/10.3.1/thumb/v7e-m/nofp/crti.o
                0x0800380c                _init
 .init          0x08003810        0x8 d:/compilechaim/gcc-arm-none-eabi-10.3-2021.10/bin/../lib/gcc/arm-none-eabi/10.3.1/thumb/v7e-m/nofp/crtn.o
 *(.fini)
 .fini          0x08003818        0x4 d:/compilechaim/gcc-arm-none-eabi-10.3-2021.10/bin/../lib/gcc/arm-none-eabi/10.3.1/thumb/v7e-m/nofp/crti.o
                0x08003818                _fini
 .fini          0x0800381c        0x8 d:/compilechaim/gcc-arm-none-eabi-10.3-2021.10/bin/../lib/gcc/arm-none-eabi/10.3.1/thumb/v7e-m/nofp/crtn.o
                0x08003824                . = ALIGN (0x4)
                0x08003824                _etext = .

.vfp11_veneer   0x08003824        0x0
 .vfp11_veneer  0x08003824        0x0 linker stubs

.v4_bx          0x08003824        0x0
 .v4_bx         0x08003824        0x0 linker stubs

.iplt           0x08003824        0x0
 .iplt          0x08003824        0x0 d:/compilechaim/gcc-arm-none-eabi-10.3-2021.10/bin/../lib/gcc/arm-none-eabi/10.3.1/thumb/v7e-m/nofp/crtbegin.o

.rodata         0x08003824       0xa4
                0x08003824                . = ALIGN (0x4)
 *(.rodata)
 .rodata        0x08003824        0x5 CMakeFiles/TMC_Stallguard.elf.dir/TMC-API/tmc/ic/TMC5160/TMC5160.c.obj
 *(.rodata*)
 *fill*         0x08003829        0x3 
 .rodata.AHBPrescTable
                0x0800382c       0x10 CMakeFiles/TMC_Stallguard.elf.dir/Core/Src/system_stm32f4xx.c.obj
                0x0800382c                AHBPrescTable
 .rodata.APBPrescTable
                0x0800383c        0x8 CMakeFiles/TMC_Stallguard.elf.dir/Core/Src/system_stm32f4xx.c.obj
                0x0800383c                APBPrescTable
 .rodata.tmc5160_defaultRegisterAccess
                0x08003844       0x80 CMakeFiles/TMC_Stallguard.elf.dir/TMC-API/tmc/ic/TMC5160/TMC5160.c.obj
 .rodata._global_impure_ptr
                0x080038c4        0x4 d:/compilechaim/gcc-arm-none-eabi-10.3-2021.10/bin/../lib/gcc/arm-none-eabi/10.3.1/../../../../arm-none-eabi/lib/thumb/v7e-m/nofp\libg.a(lib_a-impure.o)
                0x080038c4                _global_impure_ptr
                0x080038c8                . = ALIGN (0x4)

.ARM.extab      0x080038c8        0x0
                0x080038c8                . = ALIGN (0x4)
 *(.ARM.extab* .gnu.linkonce.armextab.*)
                0x080038c8                . = ALIGN (0x4)

.ARM            0x080038c8        0x8
                0x080038c8                . = ALIGN (0x4)
                0x080038c8                __exidx_start = .
 *(.ARM.exidx*)
 .ARM.exidx     0x080038c8        0x8 d:/compilechaim/gcc-arm-none-eabi-10.3-2021.10/bin/../lib/gcc/arm-none-eabi/10.3.1/thumb/v7e-m/nofp\libgcc.a(_udivmoddi4.o)
                0x080038d0                __exidx_end = .
                0x080038d0                . = ALIGN (0x4)

.rel.dyn        0x080038d0        0x0
 .rel.iplt      0x080038d0        0x0 d:/compilechaim/gcc-arm-none-eabi-10.3-2021.10/bin/../lib/gcc/arm-none-eabi/10.3.1/thumb/v7e-m/nofp/crtbegin.o

.preinit_array  0x080038d0        0x0
                0x080038d0                . = ALIGN (0x4)
                0x080038d0                PROVIDE (__preinit_array_start = .)
 *(.preinit_array*)
                0x080038d0                PROVIDE (__preinit_array_end = .)
                0x080038d0                . = ALIGN (0x4)

.init_array     0x080038d0        0x8
                0x080038d0                . = ALIGN (0x4)
                0x080038d0                PROVIDE (__init_array_start = .)
 *(SORT_BY_NAME(.init_array.*))
 .init_array.00000
                0x080038d0        0x4 d:/compilechaim/gcc-arm-none-eabi-10.3-2021.10/bin/../lib/gcc/arm-none-eabi/10.3.1/../../../../arm-none-eabi/lib/thumb/v7e-m/nofp\libg.a(lib_a-__call_atexit.o)
 *(.init_array*)
 .init_array    0x080038d4        0x4 d:/compilechaim/gcc-arm-none-eabi-10.3-2021.10/bin/../lib/gcc/arm-none-eabi/10.3.1/thumb/v7e-m/nofp/crtbegin.o
                0x080038d8                PROVIDE (__init_array_end = .)
                0x080038d8                . = ALIGN (0x4)

.fini_array     0x080038d8        0x4
                0x080038d8                . = ALIGN (0x4)
                0x080038d8                PROVIDE (__fini_array_start = .)
 *(SORT_BY_NAME(.fini_array.*))
 *(.fini_array*)
 .fini_array    0x080038d8        0x4 d:/compilechaim/gcc-arm-none-eabi-10.3-2021.10/bin/../lib/gcc/arm-none-eabi/10.3.1/thumb/v7e-m/nofp/crtbegin.o
                0x080038dc                PROVIDE (__fini_array_end = .)
                0x080038dc                . = ALIGN (0x4)
                0x080038dc                _sidata = LOADADDR (.data)

.data           0x20000000      0x84c load address 0x080038dc
                0x20000000                . = ALIGN (0x4)
                0x20000000                _sdata = .
 *(.data)
 *(.data*)
 .data.SystemCoreClock
                0x20000000        0x4 CMakeFiles/TMC_Stallguard.elf.dir/Core/Src/system_stm32f4xx.c.obj
                0x20000000                SystemCoreClock
 .data.uwTickFreq
                0x20000004        0x1 CMakeFiles/TMC_Stallguard.elf.dir/Drivers/STM32F4xx_HAL_Driver/Src/stm32f4xx_hal.c.obj
                0x20000004                uwTickFreq
 *fill*         0x20000005        0x3 
 .data.uwTickPrio
                0x20000008        0x4 CMakeFiles/TMC_Stallguard.elf.dir/Drivers/STM32F4xx_HAL_Driver/Src/stm32f4xx_hal.c.obj
                0x20000008                uwTickPrio
 .data._impure_ptr
                0x2000000c        0x4 d:/compilechaim/gcc-arm-none-eabi-10.3-2021.10/bin/../lib/gcc/arm-none-eabi/10.3.1/../../../../arm-none-eabi/lib/thumb/v7e-m/nofp\libg.a(lib_a-impure.o)
                0x2000000c                _impure_ptr
 .data.impure_data
                0x20000010      0x428 d:/compilechaim/gcc-arm-none-eabi-10.3-2021.10/bin/../lib/gcc/arm-none-eabi/10.3.1/../../../../arm-none-eabi/lib/thumb/v7e-m/nofp\libg.a(lib_a-impure.o)
 .data.__atexit_recursive_mutex
                0x20000438        0x4 d:/compilechaim/gcc-arm-none-eabi-10.3-2021.10/bin/../lib/gcc/arm-none-eabi/10.3.1/../../../../arm-none-eabi/lib/thumb/v7e-m/nofp\libg.a(lib_a-__call_atexit.o)
                0x20000438                __atexit_recursive_mutex
 .data.__malloc_av_
                0x2000043c      0x408 d:/compilechaim/gcc-arm-none-eabi-10.3-2021.10/bin/../lib/gcc/arm-none-eabi/10.3.1/../../../../arm-none-eabi/lib/thumb/v7e-m/nofp\libg.a(lib_a-mallocr.o)
                0x2000043c                __malloc_av_
 .data.__malloc_sbrk_base
                0x20000844        0x4 d:/compilechaim/gcc-arm-none-eabi-10.3-2021.10/bin/../lib/gcc/arm-none-eabi/10.3.1/../../../../arm-none-eabi/lib/thumb/v7e-m/nofp\libg.a(lib_a-mallocr.o)
                0x20000844                __malloc_sbrk_base
 .data.__malloc_trim_threshold
                0x20000848        0x4 d:/compilechaim/gcc-arm-none-eabi-10.3-2021.10/bin/../lib/gcc/arm-none-eabi/10.3.1/../../../../arm-none-eabi/lib/thumb/v7e-m/nofp\libg.a(lib_a-mallocr.o)
                0x20000848                __malloc_trim_threshold
 *(.RamFunc)
 *(.RamFunc*)
                0x2000084c                . = ALIGN (0x4)
                0x2000084c                _edata = .
                0x08004128                _siccmram = LOADADDR (.ccmram)

.igot.plt       0x2000084c        0x0 load address 0x08004128
 .igot.plt      0x2000084c        0x0 d:/compilechaim/gcc-arm-none-eabi-10.3-2021.10/bin/../lib/gcc/arm-none-eabi/10.3.1/thumb/v7e-m/nofp/crtbegin.o

.ccmram         0x10000000        0x0 load address 0x08004128
                0x10000000                . = ALIGN (0x4)
                0x10000000                _sccmram = .
 *(.ccmram)
 *(.ccmram*)
                0x10000000                . = ALIGN (0x4)
                0x10000000                _eccmram = .
                0x10000000                . = ALIGN (0x4)

.bss            0x2000084c      0x4b0
                0x2000084c                _sbss = .
                0x2000084c                __bss_start__ = _sbss
 *(.bss)
 .bss           0x2000084c       0x1c d:/compilechaim/gcc-arm-none-eabi-10.3-2021.10/bin/../lib/gcc/arm-none-eabi/10.3.1/thumb/v7e-m/nofp/crtbegin.o
 *(.bss*)
 .bss.command   0x20000868        0x8 CMakeFiles/TMC_Stallguard.elf.dir/Core/Src/main.c.obj
                0x20000868                command
 .bss.tmc5160   0x20000870      0x290 CMakeFiles/TMC_Stallguard.elf.dir/Core/Src/main.c.obj
                0x20000870                tmc5160
 .bss.hspi1     0x20000b00       0x58 CMakeFiles/TMC_Stallguard.elf.dir/Core/Src/spi.c.obj
                0x20000b00                hspi1
 .bss.__sbrk_heap_end
                0x20000b58        0x4 CMakeFiles/TMC_Stallguard.elf.dir/Core/Src/sysmem.c.obj
 .bss.htim7     0x20000b5c       0x48 CMakeFiles/TMC_Stallguard.elf.dir/Core/Src/tim.c.obj
                0x20000b5c                htim7
 .bss.huart1    0x20000ba4       0x44 CMakeFiles/TMC_Stallguard.elf.dir/Core/Src/usart.c.obj
                0x20000ba4                huart1
 .bss.huart2    0x20000be8       0x44 CMakeFiles/TMC_Stallguard.elf.dir/Core/Src/usart.c.obj
                0x20000be8                huart2
 .bss.uwTick    0x20000c2c        0x4 CMakeFiles/TMC_Stallguard.elf.dir/Drivers/STM32F4xx_HAL_Driver/Src/stm32f4xx_hal.c.obj
                0x20000c2c                uwTick
 .bss.gHuart    0x20000c30        0x4 CMakeFiles/TMC_Stallguard.elf.dir/User/Src/retarget.c.obj
                0x20000c30                gHuart
 .bss.rxBuffer  0x20000c34       0x80 CMakeFiles/TMC_Stallguard.elf.dir/User/Src/tmc2209.c.obj
                0x20000c34                rxBuffer
 .bss.__lock___atexit_recursive_mutex
                0x20000cb4        0x1 d:/compilechaim/gcc-arm-none-eabi-10.3-2021.10/bin/../lib/gcc/arm-none-eabi/10.3.1/../../../../arm-none-eabi/lib/thumb/v7e-m/nofp\libg.a(lib_a-lock.o)
                0x20000cb4                __lock___atexit_recursive_mutex
 *fill*         0x20000cb5        0x3 
 .bss.__lock___malloc_recursive_mutex
                0x20000cb8        0x1 d:/compilechaim/gcc-arm-none-eabi-10.3-2021.10/bin/../lib/gcc/arm-none-eabi/10.3.1/../../../../arm-none-eabi/lib/thumb/v7e-m/nofp\libg.a(lib_a-lock.o)
                0x20000cb8                __lock___malloc_recursive_mutex
 *fill*         0x20000cb9        0x3 
 .bss.__lock___sfp_recursive_mutex
                0x20000cbc        0x1 d:/compilechaim/gcc-arm-none-eabi-10.3-2021.10/bin/../lib/gcc/arm-none-eabi/10.3.1/../../../../arm-none-eabi/lib/thumb/v7e-m/nofp\libg.a(lib_a-lock.o)
                0x20000cbc                __lock___sfp_recursive_mutex
 *fill*         0x20000cbd        0x3 
 .bss.__lock___sinit_recursive_mutex
                0x20000cc0        0x1 d:/compilechaim/gcc-arm-none-eabi-10.3-2021.10/bin/../lib/gcc/arm-none-eabi/10.3.1/../../../../arm-none-eabi/lib/thumb/v7e-m/nofp\libg.a(lib_a-lock.o)
                0x20000cc0                __lock___sinit_recursive_mutex
 *fill*         0x20000cc1        0x3 
 .bss.__malloc_current_mallinfo
                0x20000cc4       0x28 d:/compilechaim/gcc-arm-none-eabi-10.3-2021.10/bin/../lib/gcc/arm-none-eabi/10.3.1/../../../../arm-none-eabi/lib/thumb/v7e-m/nofp\libg.a(lib_a-mallocr.o)
                0x20000cc4                __malloc_current_mallinfo
 .bss.__malloc_max_sbrked_mem
                0x20000cec        0x4 d:/compilechaim/gcc-arm-none-eabi-10.3-2021.10/bin/../lib/gcc/arm-none-eabi/10.3.1/../../../../arm-none-eabi/lib/thumb/v7e-m/nofp\libg.a(lib_a-mallocr.o)
                0x20000cec                __malloc_max_sbrked_mem
 .bss.__malloc_max_total_mem
                0x20000cf0        0x4 d:/compilechaim/gcc-arm-none-eabi-10.3-2021.10/bin/../lib/gcc/arm-none-eabi/10.3.1/../../../../arm-none-eabi/lib/thumb/v7e-m/nofp\libg.a(lib_a-mallocr.o)
                0x20000cf0                __malloc_max_total_mem
 .bss.__malloc_top_pad
                0x20000cf4        0x4 d:/compilechaim/gcc-arm-none-eabi-10.3-2021.10/bin/../lib/gcc/arm-none-eabi/10.3.1/../../../../arm-none-eabi/lib/thumb/v7e-m/nofp\libg.a(lib_a-mallocr.o)
                0x20000cf4                __malloc_top_pad
 .bss.errno     0x20000cf8        0x4 d:/compilechaim/gcc-arm-none-eabi-10.3-2021.10/bin/../lib/gcc/arm-none-eabi/10.3.1/../../../../arm-none-eabi/lib/thumb/v7e-m/nofp\libg.a(lib_a-reent.o)
                0x20000cf8                errno
 *(COMMON)
                0x20000cfc                . = ALIGN (0x4)
                0x20000cfc                _ebss = .
                0x20000cfc                __bss_end__ = _ebss

._user_heap_stack
                0x20000cfc      0x604
                0x20000d00                . = ALIGN (0x8)
 *fill*         0x20000cfc        0x4 
                [!provide]                PROVIDE (end = .)
                0x20000d00                PROVIDE (_end = .)
                0x20000f00                . = (. + _Min_Heap_Size)
 *fill*         0x20000d00      0x200 
                0x20001300                . = (. + _Min_Stack_Size)
 *fill*         0x20000f00      0x400 
                0x20001300                . = ALIGN (0x8)

/DISCARD/
 libc.a(*)
 libm.a(*)
 libgcc.a(*)

.ARM.attributes
                0x00000000       0x2a
 *(.ARM.attributes)
 .ARM.attributes
                0x00000000       0x1e d:/compilechaim/gcc-arm-none-eabi-10.3-2021.10/bin/../lib/gcc/arm-none-eabi/10.3.1/thumb/v7e-m/nofp/crti.o
 .ARM.attributes
                0x0000001e       0x2e d:/compilechaim/gcc-arm-none-eabi-10.3-2021.10/bin/../lib/gcc/arm-none-eabi/10.3.1/thumb/v7e-m/nofp/crtbegin.o
 .ARM.attributes
                0x0000004c       0x2e CMakeFiles/TMC_Stallguard.elf.dir/Core/Src/gpio.c.obj
 .ARM.attributes
                0x0000007a       0x2e CMakeFiles/TMC_Stallguard.elf.dir/Core/Src/main.c.obj
 .ARM.attributes
                0x000000a8       0x2e CMakeFiles/TMC_Stallguard.elf.dir/Core/Src/spi.c.obj
 .ARM.attributes
                0x000000d6       0x2e CMakeFiles/TMC_Stallguard.elf.dir/Core/Src/stm32f4xx_hal_msp.c.obj
 .ARM.attributes
                0x00000104       0x2e CMakeFiles/TMC_Stallguard.elf.dir/Core/Src/stm32f4xx_it.c.obj
 .ARM.attributes
                0x00000132       0x2e CMakeFiles/TMC_Stallguard.elf.dir/Core/Src/sysmem.c.obj
 .ARM.attributes
                0x00000160       0x2e CMakeFiles/TMC_Stallguard.elf.dir/Core/Src/system_stm32f4xx.c.obj
 .ARM.attributes
                0x0000018e       0x2e CMakeFiles/TMC_Stallguard.elf.dir/Core/Src/tim.c.obj
 .ARM.attributes
                0x000001bc       0x2e CMakeFiles/TMC_Stallguard.elf.dir/Core/Src/usart.c.obj
 .ARM.attributes
                0x000001ea       0x21 CMakeFiles/TMC_Stallguard.elf.dir/Core/Startup/startup_stm32f429igtx.s.obj
 .ARM.attributes
                0x0000020b       0x2e CMakeFiles/TMC_Stallguard.elf.dir/Drivers/STM32F4xx_HAL_Driver/Src/stm32f4xx_hal.c.obj
 .ARM.attributes
                0x00000239       0x2e CMakeFiles/TMC_Stallguard.elf.dir/Drivers/STM32F4xx_HAL_Driver/Src/stm32f4xx_hal_cortex.c.obj
 .ARM.attributes
                0x00000267       0x2e CMakeFiles/TMC_Stallguard.elf.dir/Drivers/STM32F4xx_HAL_Driver/Src/stm32f4xx_hal_dma.c.obj
 .ARM.attributes
                0x00000295       0x2e CMakeFiles/TMC_Stallguard.elf.dir/Drivers/STM32F4xx_HAL_Driver/Src/stm32f4xx_hal_gpio.c.obj
 .ARM.attributes
                0x000002c3       0x2e CMakeFiles/TMC_Stallguard.elf.dir/Drivers/STM32F4xx_HAL_Driver/Src/stm32f4xx_hal_rcc.c.obj
 .ARM.attributes
                0x000002f1       0x2e CMakeFiles/TMC_Stallguard.elf.dir/Drivers/STM32F4xx_HAL_Driver/Src/stm32f4xx_hal_spi.c.obj
 .ARM.attributes
                0x0000031f       0x2e CMakeFiles/TMC_Stallguard.elf.dir/Drivers/STM32F4xx_HAL_Driver/Src/stm32f4xx_hal_tim.c.obj
 .ARM.attributes
                0x0000034d       0x2e CMakeFiles/TMC_Stallguard.elf.dir/Drivers/STM32F4xx_HAL_Driver/Src/stm32f4xx_hal_tim_ex.c.obj
 .ARM.attributes
                0x0000037b       0x2e CMakeFiles/TMC_Stallguard.elf.dir/Drivers/STM32F4xx_HAL_Driver/Src/stm32f4xx_hal_uart.c.obj
 .ARM.attributes
                0x000003a9       0x2e CMakeFiles/TMC_Stallguard.elf.dir/TMC-API/tmc/ic/TMC5160/TMC5160.c.obj
 .ARM.attributes
                0x000003d7       0x2e CMakeFiles/TMC_Stallguard.elf.dir/User/Src/retarget.c.obj
 .ARM.attributes
                0x00000405       0x2e CMakeFiles/TMC_Stallguard.elf.dir/User/Src/tmc2209.c.obj
 .ARM.attributes
                0x00000433       0x1e d:/compilechaim/gcc-arm-none-eabi-10.3-2021.10/bin/../lib/gcc/arm-none-eabi/10.3.1/thumb/v7e-m/nofp\libgcc.a(_aeabi_uldivmod.o)
 .ARM.attributes
                0x00000451       0x2e d:/compilechaim/gcc-arm-none-eabi-10.3-2021.10/bin/../lib/gcc/arm-none-eabi/10.3.1/thumb/v7e-m/nofp\libgcc.a(_udivmoddi4.o)
 .ARM.attributes
                0x0000047f       0x1e d:/compilechaim/gcc-arm-none-eabi-10.3-2021.10/bin/../lib/gcc/arm-none-eabi/10.3.1/thumb/v7e-m/nofp\libgcc.a(_dvmd_tls.o)
 .ARM.attributes
                0x0000049d       0x2e d:/compilechaim/gcc-arm-none-eabi-10.3-2021.10/bin/../lib/gcc/arm-none-eabi/10.3.1/../../../../arm-none-eabi/lib/thumb/v7e-m/nofp\libg.a(lib_a-errno.o)
 .ARM.attributes
                0x000004cb       0x2e d:/compilechaim/gcc-arm-none-eabi-10.3-2021.10/bin/../lib/gcc/arm-none-eabi/10.3.1/../../../../arm-none-eabi/lib/thumb/v7e-m/nofp\libg.a(lib_a-impure.o)
 .ARM.attributes
                0x000004f9       0x2e d:/compilechaim/gcc-arm-none-eabi-10.3-2021.10/bin/../lib/gcc/arm-none-eabi/10.3.1/../../../../arm-none-eabi/lib/thumb/v7e-m/nofp\libg.a(lib_a-init.o)
 .ARM.attributes
                0x00000527       0x2e d:/compilechaim/gcc-arm-none-eabi-10.3-2021.10/bin/../lib/gcc/arm-none-eabi/10.3.1/../../../../arm-none-eabi/lib/thumb/v7e-m/nofp\libg.a(lib_a-memset.o)
 .ARM.attributes
                0x00000555       0x2e d:/compilechaim/gcc-arm-none-eabi-10.3-2021.10/bin/../lib/gcc/arm-none-eabi/10.3.1/../../../../arm-none-eabi/lib/thumb/v7e-m/nofp\libg.a(lib_a-setvbuf.o)
 .ARM.attributes
                0x00000583       0x2e d:/compilechaim/gcc-arm-none-eabi-10.3-2021.10/bin/../lib/gcc/arm-none-eabi/10.3.1/../../../../arm-none-eabi/lib/thumb/v7e-m/nofp\libg.a(lib_a-__call_atexit.o)
 .ARM.attributes
                0x000005b1       0x2e d:/compilechaim/gcc-arm-none-eabi-10.3-2021.10/bin/../lib/gcc/arm-none-eabi/10.3.1/../../../../arm-none-eabi/lib/thumb/v7e-m/nofp\libg.a(lib_a-atexit.o)
 .ARM.attributes
                0x000005df       0x2e d:/compilechaim/gcc-arm-none-eabi-10.3-2021.10/bin/../lib/gcc/arm-none-eabi/10.3.1/../../../../arm-none-eabi/lib/thumb/v7e-m/nofp\libg.a(lib_a-fflush.o)
 .ARM.attributes
                0x0000060d       0x2e d:/compilechaim/gcc-arm-none-eabi-10.3-2021.10/bin/../lib/gcc/arm-none-eabi/10.3.1/../../../../arm-none-eabi/lib/thumb/v7e-m/nofp\libg.a(lib_a-findfp.o)
 .ARM.attributes
                0x0000063b       0x2e d:/compilechaim/gcc-arm-none-eabi-10.3-2021.10/bin/../lib/gcc/arm-none-eabi/10.3.1/../../../../arm-none-eabi/lib/thumb/v7e-m/nofp\libg.a(lib_a-fini.o)
 .ARM.attributes
                0x00000669       0x2e d:/compilechaim/gcc-arm-none-eabi-10.3-2021.10/bin/../lib/gcc/arm-none-eabi/10.3.1/../../../../arm-none-eabi/lib/thumb/v7e-m/nofp\libg.a(lib_a-freer.o)
 .ARM.attributes
                0x00000697       0x2e d:/compilechaim/gcc-arm-none-eabi-10.3-2021.10/bin/../lib/gcc/arm-none-eabi/10.3.1/../../../../arm-none-eabi/lib/thumb/v7e-m/nofp\libg.a(lib_a-fwalk.o)
 .ARM.attributes
                0x000006c5       0x2e d:/compilechaim/gcc-arm-none-eabi-10.3-2021.10/bin/../lib/gcc/arm-none-eabi/10.3.1/../../../../arm-none-eabi/lib/thumb/v7e-m/nofp\libg.a(lib_a-lock.o)
 .ARM.attributes
                0x000006f3       0x2e d:/compilechaim/gcc-arm-none-eabi-10.3-2021.10/bin/../lib/gcc/arm-none-eabi/10.3.1/../../../../arm-none-eabi/lib/thumb/v7e-m/nofp\libg.a(lib_a-makebuf.o)
 .ARM.attributes
                0x00000721       0x2e d:/compilechaim/gcc-arm-none-eabi-10.3-2021.10/bin/../lib/gcc/arm-none-eabi/10.3.1/../../../../arm-none-eabi/lib/thumb/v7e-m/nofp\libg.a(lib_a-malloc.o)
 .ARM.attributes
                0x0000074f       0x2e d:/compilechaim/gcc-arm-none-eabi-10.3-2021.10/bin/../lib/gcc/arm-none-eabi/10.3.1/../../../../arm-none-eabi/lib/thumb/v7e-m/nofp\libg.a(lib_a-mallocr.o)
 .ARM.attributes
                0x0000077d       0x2e d:/compilechaim/gcc-arm-none-eabi-10.3-2021.10/bin/../lib/gcc/arm-none-eabi/10.3.1/../../../../arm-none-eabi/lib/thumb/v7e-m/nofp\libg.a(lib_a-mlock.o)
 .ARM.attributes
                0x000007ab       0x2e d:/compilechaim/gcc-arm-none-eabi-10.3-2021.10/bin/../lib/gcc/arm-none-eabi/10.3.1/../../../../arm-none-eabi/lib/thumb/v7e-m/nofp\libg.a(lib_a-sbrkr.o)
 .ARM.attributes
                0x000007d9       0x2e d:/compilechaim/gcc-arm-none-eabi-10.3-2021.10/bin/../lib/gcc/arm-none-eabi/10.3.1/../../../../arm-none-eabi/lib/thumb/v7e-m/nofp\libg.a(lib_a-stdio.o)
 .ARM.attributes
                0x00000807       0x2e d:/compilechaim/gcc-arm-none-eabi-10.3-2021.10/bin/../lib/gcc/arm-none-eabi/10.3.1/../../../../arm-none-eabi/lib/thumb/v7e-m/nofp\libg.a(lib_a-writer.o)
 .ARM.attributes
                0x00000835       0x2e d:/compilechaim/gcc-arm-none-eabi-10.3-2021.10/bin/../lib/gcc/arm-none-eabi/10.3.1/../../../../arm-none-eabi/lib/thumb/v7e-m/nofp\libg.a(lib_a-__atexit.o)
 .ARM.attributes
                0x00000863       0x2e d:/compilechaim/gcc-arm-none-eabi-10.3-2021.10/bin/../lib/gcc/arm-none-eabi/10.3.1/../../../../arm-none-eabi/lib/thumb/v7e-m/nofp\libg.a(lib_a-closer.o)
 .ARM.attributes
                0x00000891       0x2e d:/compilechaim/gcc-arm-none-eabi-10.3-2021.10/bin/../lib/gcc/arm-none-eabi/10.3.1/../../../../arm-none-eabi/lib/thumb/v7e-m/nofp\libg.a(lib_a-fclose.o)
 .ARM.attributes
                0x000008bf       0x2e d:/compilechaim/gcc-arm-none-eabi-10.3-2021.10/bin/../lib/gcc/arm-none-eabi/10.3.1/../../../../arm-none-eabi/lib/thumb/v7e-m/nofp\libg.a(lib_a-fstatr.o)
 .ARM.attributes
                0x000008ed       0x2e d:/compilechaim/gcc-arm-none-eabi-10.3-2021.10/bin/../lib/gcc/arm-none-eabi/10.3.1/../../../../arm-none-eabi/lib/thumb/v7e-m/nofp\libg.a(lib_a-lseekr.o)
 .ARM.attributes
                0x0000091b       0x2e d:/compilechaim/gcc-arm-none-eabi-10.3-2021.10/bin/../lib/gcc/arm-none-eabi/10.3.1/../../../../arm-none-eabi/lib/thumb/v7e-m/nofp\libg.a(lib_a-readr.o)
 .ARM.attributes
                0x00000949       0x2e d:/compilechaim/gcc-arm-none-eabi-10.3-2021.10/bin/../lib/gcc/arm-none-eabi/10.3.1/../../../../arm-none-eabi/lib/thumb/v7e-m/nofp\libg.a(lib_a-reent.o)
 .ARM.attributes
                0x00000977       0x1e d:/compilechaim/gcc-arm-none-eabi-10.3-2021.10/bin/../lib/gcc/arm-none-eabi/10.3.1/thumb/v7e-m/nofp/crtn.o
OUTPUT(TMC_Stallguard.elf elf32-littlearm)
LOAD linker stubs
LOAD d:/compilechaim/gcc-arm-none-eabi-10.3-2021.10/bin/../lib/gcc/arm-none-eabi/10.3.1/../../../../arm-none-eabi/lib/thumb/v7e-m/nofp\libc.a
LOAD d:/compilechaim/gcc-arm-none-eabi-10.3-2021.10/bin/../lib/gcc/arm-none-eabi/10.3.1/../../../../arm-none-eabi/lib/thumb/v7e-m/nofp\libm.a
LOAD d:/compilechaim/gcc-arm-none-eabi-10.3-2021.10/bin/../lib/gcc/arm-none-eabi/10.3.1/thumb/v7e-m/nofp\libgcc.a

.debug_info     0x00000000    0x1686e
 .debug_info    0x00000000      0x2c0 CMakeFiles/TMC_Stallguard.elf.dir/Core/Src/gpio.c.obj
 .debug_info    0x000002c0     0x11ed CMakeFiles/TMC_Stallguard.elf.dir/Core/Src/main.c.obj
 .debug_info    0x000014ad      0xa6e CMakeFiles/TMC_Stallguard.elf.dir/Core/Src/spi.c.obj
 .debug_info    0x00001f1b      0x2c0 CMakeFiles/TMC_Stallguard.elf.dir/Core/Src/stm32f4xx_hal_msp.c.obj
 .debug_info    0x000021db      0x6a1 CMakeFiles/TMC_Stallguard.elf.dir/Core/Src/stm32f4xx_it.c.obj
 .debug_info    0x0000287c      0x174 CMakeFiles/TMC_Stallguard.elf.dir/Core/Src/sysmem.c.obj
 .debug_info    0x000029f0      0x399 CMakeFiles/TMC_Stallguard.elf.dir/Core/Src/system_stm32f4xx.c.obj
 .debug_info    0x00002d89      0x9a4 CMakeFiles/TMC_Stallguard.elf.dir/Core/Src/tim.c.obj
 .debug_info    0x0000372d      0xdcd CMakeFiles/TMC_Stallguard.elf.dir/Core/Src/usart.c.obj
 .debug_info    0x000044fa       0x22 CMakeFiles/TMC_Stallguard.elf.dir/Core/Startup/startup_stm32f429igtx.s.obj
 .debug_info    0x0000451c      0xa68 CMakeFiles/TMC_Stallguard.elf.dir/Drivers/STM32F4xx_HAL_Driver/Src/stm32f4xx_hal.c.obj
 .debug_info    0x00004f84     0x10ce CMakeFiles/TMC_Stallguard.elf.dir/Drivers/STM32F4xx_HAL_Driver/Src/stm32f4xx_hal_cortex.c.obj
 .debug_info    0x00006052      0xb3f CMakeFiles/TMC_Stallguard.elf.dir/Drivers/STM32F4xx_HAL_Driver/Src/stm32f4xx_hal_dma.c.obj
 .debug_info    0x00006b91      0x7cc CMakeFiles/TMC_Stallguard.elf.dir/Drivers/STM32F4xx_HAL_Driver/Src/stm32f4xx_hal_gpio.c.obj
 .debug_info    0x0000735d      0xb1f CMakeFiles/TMC_Stallguard.elf.dir/Drivers/STM32F4xx_HAL_Driver/Src/stm32f4xx_hal_rcc.c.obj
 .debug_info    0x00007e7c     0x1e96 CMakeFiles/TMC_Stallguard.elf.dir/Drivers/STM32F4xx_HAL_Driver/Src/stm32f4xx_hal_spi.c.obj
 .debug_info    0x00009d12     0x3d5b CMakeFiles/TMC_Stallguard.elf.dir/Drivers/STM32F4xx_HAL_Driver/Src/stm32f4xx_hal_tim.c.obj
 .debug_info    0x0000da6d     0x1ade CMakeFiles/TMC_Stallguard.elf.dir/Drivers/STM32F4xx_HAL_Driver/Src/stm32f4xx_hal_tim_ex.c.obj
 .debug_info    0x0000f54b     0x424e CMakeFiles/TMC_Stallguard.elf.dir/Drivers/STM32F4xx_HAL_Driver/Src/stm32f4xx_hal_uart.c.obj
 .debug_info    0x00013799     0x14a6 CMakeFiles/TMC_Stallguard.elf.dir/TMC-API/tmc/ic/TMC5160/TMC5160.c.obj
 .debug_info    0x00014c3f     0x12ff CMakeFiles/TMC_Stallguard.elf.dir/User/Src/retarget.c.obj
 .debug_info    0x00015f3e      0x930 CMakeFiles/TMC_Stallguard.elf.dir/User/Src/tmc2209.c.obj

.debug_abbrev   0x00000000     0x2b55
 .debug_abbrev  0x00000000       0xd1 CMakeFiles/TMC_Stallguard.elf.dir/Core/Src/gpio.c.obj
 .debug_abbrev  0x000000d1      0x272 CMakeFiles/TMC_Stallguard.elf.dir/Core/Src/main.c.obj
 .debug_abbrev  0x00000343      0x1d3 CMakeFiles/TMC_Stallguard.elf.dir/Core/Src/spi.c.obj
 .debug_abbrev  0x00000516       0xd1 CMakeFiles/TMC_Stallguard.elf.dir/Core/Src/stm32f4xx_hal_msp.c.obj
 .debug_abbrev  0x000005e7      0x16e CMakeFiles/TMC_Stallguard.elf.dir/Core/Src/stm32f4xx_it.c.obj
 .debug_abbrev  0x00000755       0xe7 CMakeFiles/TMC_Stallguard.elf.dir/Core/Src/sysmem.c.obj
 .debug_abbrev  0x0000083c      0x119 CMakeFiles/TMC_Stallguard.elf.dir/Core/Src/system_stm32f4xx.c.obj
 .debug_abbrev  0x00000955      0x1c5 CMakeFiles/TMC_Stallguard.elf.dir/Core/Src/tim.c.obj
 .debug_abbrev  0x00000b1a      0x1e3 CMakeFiles/TMC_Stallguard.elf.dir/Core/Src/usart.c.obj
 .debug_abbrev  0x00000cfd       0x12 CMakeFiles/TMC_Stallguard.elf.dir/Core/Startup/startup_stm32f429igtx.s.obj
 .debug_abbrev  0x00000d0f      0x206 CMakeFiles/TMC_Stallguard.elf.dir/Drivers/STM32F4xx_HAL_Driver/Src/stm32f4xx_hal.c.obj
 .debug_abbrev  0x00000f15      0x36a CMakeFiles/TMC_Stallguard.elf.dir/Drivers/STM32F4xx_HAL_Driver/Src/stm32f4xx_hal_cortex.c.obj
 .debug_abbrev  0x0000127f      0x2c2 CMakeFiles/TMC_Stallguard.elf.dir/Drivers/STM32F4xx_HAL_Driver/Src/stm32f4xx_hal_dma.c.obj
 .debug_abbrev  0x00001541      0x1ef CMakeFiles/TMC_Stallguard.elf.dir/Drivers/STM32F4xx_HAL_Driver/Src/stm32f4xx_hal_gpio.c.obj
 .debug_abbrev  0x00001730      0x28a CMakeFiles/TMC_Stallguard.elf.dir/Drivers/STM32F4xx_HAL_Driver/Src/stm32f4xx_hal_rcc.c.obj
 .debug_abbrev  0x000019ba      0x24e CMakeFiles/TMC_Stallguard.elf.dir/Drivers/STM32F4xx_HAL_Driver/Src/stm32f4xx_hal_spi.c.obj
 .debug_abbrev  0x00001c08      0x22b CMakeFiles/TMC_Stallguard.elf.dir/Drivers/STM32F4xx_HAL_Driver/Src/stm32f4xx_hal_tim.c.obj
 .debug_abbrev  0x00001e33      0x241 CMakeFiles/TMC_Stallguard.elf.dir/Drivers/STM32F4xx_HAL_Driver/Src/stm32f4xx_hal_tim_ex.c.obj
 .debug_abbrev  0x00002074      0x2fd CMakeFiles/TMC_Stallguard.elf.dir/Drivers/STM32F4xx_HAL_Driver/Src/stm32f4xx_hal_uart.c.obj
 .debug_abbrev  0x00002371      0x335 CMakeFiles/TMC_Stallguard.elf.dir/TMC-API/tmc/ic/TMC5160/TMC5160.c.obj
 .debug_abbrev  0x000026a6      0x2b4 CMakeFiles/TMC_Stallguard.elf.dir/User/Src/retarget.c.obj
 .debug_abbrev  0x0000295a      0x1fb CMakeFiles/TMC_Stallguard.elf.dir/User/Src/tmc2209.c.obj

.debug_aranges  0x00000000      0xf50
 .debug_aranges
                0x00000000       0x20 CMakeFiles/TMC_Stallguard.elf.dir/Core/Src/gpio.c.obj
 .debug_aranges
                0x00000020       0x30 CMakeFiles/TMC_Stallguard.elf.dir/Core/Src/main.c.obj
 .debug_aranges
                0x00000050       0x30 CMakeFiles/TMC_Stallguard.elf.dir/Core/Src/spi.c.obj
 .debug_aranges
                0x00000080       0x20 CMakeFiles/TMC_Stallguard.elf.dir/Core/Src/stm32f4xx_hal_msp.c.obj
 .debug_aranges
                0x000000a0       0x70 CMakeFiles/TMC_Stallguard.elf.dir/Core/Src/stm32f4xx_it.c.obj
 .debug_aranges
                0x00000110       0x20 CMakeFiles/TMC_Stallguard.elf.dir/Core/Src/sysmem.c.obj
 .debug_aranges
                0x00000130       0x28 CMakeFiles/TMC_Stallguard.elf.dir/Core/Src/system_stm32f4xx.c.obj
 .debug_aranges
                0x00000158       0x30 CMakeFiles/TMC_Stallguard.elf.dir/Core/Src/tim.c.obj
 .debug_aranges
                0x00000188       0x38 CMakeFiles/TMC_Stallguard.elf.dir/Core/Src/usart.c.obj
 .debug_aranges
                0x000001c0       0x28 CMakeFiles/TMC_Stallguard.elf.dir/Core/Startup/startup_stm32f429igtx.s.obj
 .debug_aranges
                0x000001e8      0x100 CMakeFiles/TMC_Stallguard.elf.dir/Drivers/STM32F4xx_HAL_Driver/Src/stm32f4xx_hal.c.obj
 .debug_aranges
                0x000002e8       0xa8 CMakeFiles/TMC_Stallguard.elf.dir/Drivers/STM32F4xx_HAL_Driver/Src/stm32f4xx_hal_cortex.c.obj
 .debug_aranges
                0x00000390       0x90 CMakeFiles/TMC_Stallguard.elf.dir/Drivers/STM32F4xx_HAL_Driver/Src/stm32f4xx_hal_dma.c.obj
 .debug_aranges
                0x00000420       0x58 CMakeFiles/TMC_Stallguard.elf.dir/Drivers/STM32F4xx_HAL_Driver/Src/stm32f4xx_hal_gpio.c.obj
 .debug_aranges
                0x00000478       0x88 CMakeFiles/TMC_Stallguard.elf.dir/Drivers/STM32F4xx_HAL_Driver/Src/stm32f4xx_hal_rcc.c.obj
 .debug_aranges
                0x00000500      0x1d0 CMakeFiles/TMC_Stallguard.elf.dir/Drivers/STM32F4xx_HAL_Driver/Src/stm32f4xx_hal_spi.c.obj
 .debug_aranges
                0x000006d0      0x3d0 CMakeFiles/TMC_Stallguard.elf.dir/Drivers/STM32F4xx_HAL_Driver/Src/stm32f4xx_hal_tim.c.obj
 .debug_aranges
                0x00000aa0      0x168 CMakeFiles/TMC_Stallguard.elf.dir/Drivers/STM32F4xx_HAL_Driver/Src/stm32f4xx_hal_tim_ex.c.obj
 .debug_aranges
                0x00000c08      0x200 CMakeFiles/TMC_Stallguard.elf.dir/Drivers/STM32F4xx_HAL_Driver/Src/stm32f4xx_hal_uart.c.obj
 .debug_aranges
                0x00000e08       0xb0 CMakeFiles/TMC_Stallguard.elf.dir/TMC-API/tmc/ic/TMC5160/TMC5160.c.obj
 .debug_aranges
                0x00000eb8       0x50 CMakeFiles/TMC_Stallguard.elf.dir/User/Src/retarget.c.obj
 .debug_aranges
                0x00000f08       0x48 CMakeFiles/TMC_Stallguard.elf.dir/User/Src/tmc2209.c.obj

.debug_ranges   0x00000000      0xea0
 .debug_ranges  0x00000000       0x10 CMakeFiles/TMC_Stallguard.elf.dir/Core/Src/gpio.c.obj
 .debug_ranges  0x00000010       0x20 CMakeFiles/TMC_Stallguard.elf.dir/Core/Src/main.c.obj
 .debug_ranges  0x00000030       0x20 CMakeFiles/TMC_Stallguard.elf.dir/Core/Src/spi.c.obj
 .debug_ranges  0x00000050       0x10 CMakeFiles/TMC_Stallguard.elf.dir/Core/Src/stm32f4xx_hal_msp.c.obj
 .debug_ranges  0x00000060       0x60 CMakeFiles/TMC_Stallguard.elf.dir/Core/Src/stm32f4xx_it.c.obj
 .debug_ranges  0x000000c0       0x10 CMakeFiles/TMC_Stallguard.elf.dir/Core/Src/sysmem.c.obj
 .debug_ranges  0x000000d0       0x18 CMakeFiles/TMC_Stallguard.elf.dir/Core/Src/system_stm32f4xx.c.obj
 .debug_ranges  0x000000e8       0x20 CMakeFiles/TMC_Stallguard.elf.dir/Core/Src/tim.c.obj
 .debug_ranges  0x00000108       0x28 CMakeFiles/TMC_Stallguard.elf.dir/Core/Src/usart.c.obj
 .debug_ranges  0x00000130       0x20 CMakeFiles/TMC_Stallguard.elf.dir/Core/Startup/startup_stm32f429igtx.s.obj
 .debug_ranges  0x00000150       0xf0 CMakeFiles/TMC_Stallguard.elf.dir/Drivers/STM32F4xx_HAL_Driver/Src/stm32f4xx_hal.c.obj
 .debug_ranges  0x00000240       0xf8 CMakeFiles/TMC_Stallguard.elf.dir/Drivers/STM32F4xx_HAL_Driver/Src/stm32f4xx_hal_cortex.c.obj
 .debug_ranges  0x00000338       0x80 CMakeFiles/TMC_Stallguard.elf.dir/Drivers/STM32F4xx_HAL_Driver/Src/stm32f4xx_hal_dma.c.obj
 .debug_ranges  0x000003b8       0x48 CMakeFiles/TMC_Stallguard.elf.dir/Drivers/STM32F4xx_HAL_Driver/Src/stm32f4xx_hal_gpio.c.obj
 .debug_ranges  0x00000400       0x90 CMakeFiles/TMC_Stallguard.elf.dir/Drivers/STM32F4xx_HAL_Driver/Src/stm32f4xx_hal_rcc.c.obj
 .debug_ranges  0x00000490      0x1c0 CMakeFiles/TMC_Stallguard.elf.dir/Drivers/STM32F4xx_HAL_Driver/Src/stm32f4xx_hal_spi.c.obj
 .debug_ranges  0x00000650      0x3c0 CMakeFiles/TMC_Stallguard.elf.dir/Drivers/STM32F4xx_HAL_Driver/Src/stm32f4xx_hal_tim.c.obj
 .debug_ranges  0x00000a10      0x158 CMakeFiles/TMC_Stallguard.elf.dir/Drivers/STM32F4xx_HAL_Driver/Src/stm32f4xx_hal_tim_ex.c.obj
 .debug_ranges  0x00000b68      0x208 CMakeFiles/TMC_Stallguard.elf.dir/Drivers/STM32F4xx_HAL_Driver/Src/stm32f4xx_hal_uart.c.obj
 .debug_ranges  0x00000d70       0xb8 CMakeFiles/TMC_Stallguard.elf.dir/TMC-API/tmc/ic/TMC5160/TMC5160.c.obj
 .debug_ranges  0x00000e28       0x40 CMakeFiles/TMC_Stallguard.elf.dir/User/Src/retarget.c.obj
 .debug_ranges  0x00000e68       0x38 CMakeFiles/TMC_Stallguard.elf.dir/User/Src/tmc2209.c.obj

.debug_line     0x00000000    0x13019
 .debug_line    0x00000000      0x185 CMakeFiles/TMC_Stallguard.elf.dir/Core/Src/gpio.c.obj
 .debug_line    0x00000185      0x4ee CMakeFiles/TMC_Stallguard.elf.dir/Core/Src/main.c.obj
 .debug_line    0x00000673      0x381 CMakeFiles/TMC_Stallguard.elf.dir/Core/Src/spi.c.obj
 .debug_line    0x000009f4      0x193 CMakeFiles/TMC_Stallguard.elf.dir/Core/Src/stm32f4xx_hal_msp.c.obj
 .debug_line    0x00000b87      0x341 CMakeFiles/TMC_Stallguard.elf.dir/Core/Src/stm32f4xx_it.c.obj
 .debug_line    0x00000ec8      0x1d6 CMakeFiles/TMC_Stallguard.elf.dir/Core/Src/sysmem.c.obj
 .debug_line    0x0000109e      0x25b CMakeFiles/TMC_Stallguard.elf.dir/Core/Src/system_stm32f4xx.c.obj
 .debug_line    0x000012f9      0x305 CMakeFiles/TMC_Stallguard.elf.dir/Core/Src/tim.c.obj
 .debug_line    0x000015fe      0x41a CMakeFiles/TMC_Stallguard.elf.dir/Core/Src/usart.c.obj
 .debug_line    0x00001a18       0xa5 CMakeFiles/TMC_Stallguard.elf.dir/Core/Startup/startup_stm32f429igtx.s.obj
 .debug_line    0x00001abd      0x615 CMakeFiles/TMC_Stallguard.elf.dir/Drivers/STM32F4xx_HAL_Driver/Src/stm32f4xx_hal.c.obj
 .debug_line    0x000020d2      0x7f0 CMakeFiles/TMC_Stallguard.elf.dir/Drivers/STM32F4xx_HAL_Driver/Src/stm32f4xx_hal_cortex.c.obj
 .debug_line    0x000028c2      0xe7d CMakeFiles/TMC_Stallguard.elf.dir/Drivers/STM32F4xx_HAL_Driver/Src/stm32f4xx_hal_dma.c.obj
 .debug_line    0x0000373f      0x74e CMakeFiles/TMC_Stallguard.elf.dir/Drivers/STM32F4xx_HAL_Driver/Src/stm32f4xx_hal_gpio.c.obj
 .debug_line    0x00003e8d      0xb67 CMakeFiles/TMC_Stallguard.elf.dir/Drivers/STM32F4xx_HAL_Driver/Src/stm32f4xx_hal_rcc.c.obj
 .debug_line    0x000049f4     0x2541 CMakeFiles/TMC_Stallguard.elf.dir/Drivers/STM32F4xx_HAL_Driver/Src/stm32f4xx_hal_spi.c.obj
 .debug_line    0x00006f35     0x4afa CMakeFiles/TMC_Stallguard.elf.dir/Drivers/STM32F4xx_HAL_Driver/Src/stm32f4xx_hal_tim.c.obj
 .debug_line    0x0000ba2f     0x1d1e CMakeFiles/TMC_Stallguard.elf.dir/Drivers/STM32F4xx_HAL_Driver/Src/stm32f4xx_hal_tim_ex.c.obj
 .debug_line    0x0000d74d     0x4666 CMakeFiles/TMC_Stallguard.elf.dir/Drivers/STM32F4xx_HAL_Driver/Src/stm32f4xx_hal_uart.c.obj
 .debug_line    0x00011db3      0x95f CMakeFiles/TMC_Stallguard.elf.dir/TMC-API/tmc/ic/TMC5160/TMC5160.c.obj
 .debug_line    0x00012712      0x482 CMakeFiles/TMC_Stallguard.elf.dir/User/Src/retarget.c.obj
 .debug_line    0x00012b94      0x485 CMakeFiles/TMC_Stallguard.elf.dir/User/Src/tmc2209.c.obj

.debug_str      0x00000000     0x4eff
 .debug_str     0x00000000      0x2ac CMakeFiles/TMC_Stallguard.elf.dir/Core/Src/gpio.c.obj
                                0x2ee (size before relaxing)
 .debug_str     0x000002ac      0x7ad CMakeFiles/TMC_Stallguard.elf.dir/Core/Src/main.c.obj
                                0xb22 (size before relaxing)
 .debug_str     0x00000a59      0x264 CMakeFiles/TMC_Stallguard.elf.dir/Core/Src/spi.c.obj
                                0x834 (size before relaxing)
 .debug_str     0x00000cbd       0x49 CMakeFiles/TMC_Stallguard.elf.dir/Core/Src/stm32f4xx_hal_msp.c.obj
                                0x2fa (size before relaxing)
 .debug_str     0x00000d06      0x113 CMakeFiles/TMC_Stallguard.elf.dir/Core/Src/stm32f4xx_it.c.obj
                                0x6fc (size before relaxing)
 .debug_str     0x00000e19       0x9a CMakeFiles/TMC_Stallguard.elf.dir/Core/Src/sysmem.c.obj
                                0x251 (size before relaxing)
 .debug_str     0x00000eb3       0xa4 CMakeFiles/TMC_Stallguard.elf.dir/Core/Src/system_stm32f4xx.c.obj
                                0x360 (size before relaxing)
 .debug_str     0x00000f57      0x394 CMakeFiles/TMC_Stallguard.elf.dir/Core/Src/tim.c.obj
                                0x905 (size before relaxing)
 .debug_str     0x000012eb      0x610 CMakeFiles/TMC_Stallguard.elf.dir/Core/Src/usart.c.obj
                                0xdf8 (size before relaxing)
 .debug_str     0x000018fb       0x53 CMakeFiles/TMC_Stallguard.elf.dir/Core/Startup/startup_stm32f429igtx.s.obj
                                 0x85 (size before relaxing)
 .debug_str     0x0000194e      0x3a5 CMakeFiles/TMC_Stallguard.elf.dir/Drivers/STM32F4xx_HAL_Driver/Src/stm32f4xx_hal.c.obj
                                0xc38 (size before relaxing)
 .debug_str     0x00001cf3      0x49e CMakeFiles/TMC_Stallguard.elf.dir/Drivers/STM32F4xx_HAL_Driver/Src/stm32f4xx_hal_cortex.c.obj
                                0xcbc (size before relaxing)
 .debug_str     0x00002191      0x323 CMakeFiles/TMC_Stallguard.elf.dir/Drivers/STM32F4xx_HAL_Driver/Src/stm32f4xx_hal_dma.c.obj
                                0x7a2 (size before relaxing)
 .debug_str     0x000024b4      0x173 CMakeFiles/TMC_Stallguard.elf.dir/Drivers/STM32F4xx_HAL_Driver/Src/stm32f4xx_hal_gpio.c.obj
                                0x51f (size before relaxing)
 .debug_str     0x00002627      0x1c1 CMakeFiles/TMC_Stallguard.elf.dir/Drivers/STM32F4xx_HAL_Driver/Src/stm32f4xx_hal_rcc.c.obj
                                0x745 (size before relaxing)
 .debug_str     0x000027e8      0x550 CMakeFiles/TMC_Stallguard.elf.dir/Drivers/STM32F4xx_HAL_Driver/Src/stm32f4xx_hal_spi.c.obj
                                0xc26 (size before relaxing)
 .debug_str     0x00002d38      0xede CMakeFiles/TMC_Stallguard.elf.dir/Drivers/STM32F4xx_HAL_Driver/Src/stm32f4xx_hal_tim.c.obj
                               0x16e5 (size before relaxing)
 .debug_str     0x00003c16      0x541 CMakeFiles/TMC_Stallguard.elf.dir/Drivers/STM32F4xx_HAL_Driver/Src/stm32f4xx_hal_tim_ex.c.obj
                                0xee6 (size before relaxing)
 .debug_str     0x00004157      0x5e2 CMakeFiles/TMC_Stallguard.elf.dir/Drivers/STM32F4xx_HAL_Driver/Src/stm32f4xx_hal_uart.c.obj
                                0xd85 (size before relaxing)
 .debug_str     0x00004739      0x216 CMakeFiles/TMC_Stallguard.elf.dir/TMC-API/tmc/ic/TMC5160/TMC5160.c.obj
                                0xaae (size before relaxing)
 .debug_str     0x0000494f      0x4f0 CMakeFiles/TMC_Stallguard.elf.dir/User/Src/retarget.c.obj
                                0xbc1 (size before relaxing)
 .debug_str     0x00004e3f       0xc0 CMakeFiles/TMC_Stallguard.elf.dir/User/Src/tmc2209.c.obj
                                0x75e (size before relaxing)

.comment        0x00000000       0x49
 .comment       0x00000000       0x49 CMakeFiles/TMC_Stallguard.elf.dir/Core/Src/gpio.c.obj
                                 0x4a (size before relaxing)
 .comment       0x00000049       0x4a CMakeFiles/TMC_Stallguard.elf.dir/Core/Src/main.c.obj
 .comment       0x00000049       0x4a CMakeFiles/TMC_Stallguard.elf.dir/Core/Src/spi.c.obj
 .comment       0x00000049       0x4a CMakeFiles/TMC_Stallguard.elf.dir/Core/Src/stm32f4xx_hal_msp.c.obj
 .comment       0x00000049       0x4a CMakeFiles/TMC_Stallguard.elf.dir/Core/Src/stm32f4xx_it.c.obj
 .comment       0x00000049       0x4a CMakeFiles/TMC_Stallguard.elf.dir/Core/Src/sysmem.c.obj
 .comment       0x00000049       0x4a CMakeFiles/TMC_Stallguard.elf.dir/Core/Src/system_stm32f4xx.c.obj
 .comment       0x00000049       0x4a CMakeFiles/TMC_Stallguard.elf.dir/Core/Src/tim.c.obj
 .comment       0x00000049       0x4a CMakeFiles/TMC_Stallguard.elf.dir/Core/Src/usart.c.obj
 .comment       0x00000049       0x4a CMakeFiles/TMC_Stallguard.elf.dir/Drivers/STM32F4xx_HAL_Driver/Src/stm32f4xx_hal.c.obj
 .comment       0x00000049       0x4a CMakeFiles/TMC_Stallguard.elf.dir/Drivers/STM32F4xx_HAL_Driver/Src/stm32f4xx_hal_cortex.c.obj
 .comment       0x00000049       0x4a CMakeFiles/TMC_Stallguard.elf.dir/Drivers/STM32F4xx_HAL_Driver/Src/stm32f4xx_hal_dma.c.obj
 .comment       0x00000049       0x4a CMakeFiles/TMC_Stallguard.elf.dir/Drivers/STM32F4xx_HAL_Driver/Src/stm32f4xx_hal_gpio.c.obj
 .comment       0x00000049       0x4a CMakeFiles/TMC_Stallguard.elf.dir/Drivers/STM32F4xx_HAL_Driver/Src/stm32f4xx_hal_rcc.c.obj
 .comment       0x00000049       0x4a CMakeFiles/TMC_Stallguard.elf.dir/Drivers/STM32F4xx_HAL_Driver/Src/stm32f4xx_hal_spi.c.obj
 .comment       0x00000049       0x4a CMakeFiles/TMC_Stallguard.elf.dir/Drivers/STM32F4xx_HAL_Driver/Src/stm32f4xx_hal_tim.c.obj
 .comment       0x00000049       0x4a CMakeFiles/TMC_Stallguard.elf.dir/Drivers/STM32F4xx_HAL_Driver/Src/stm32f4xx_hal_tim_ex.c.obj
 .comment       0x00000049       0x4a CMakeFiles/TMC_Stallguard.elf.dir/Drivers/STM32F4xx_HAL_Driver/Src/stm32f4xx_hal_uart.c.obj
 .comment       0x00000049       0x4a CMakeFiles/TMC_Stallguard.elf.dir/TMC-API/tmc/ic/TMC5160/TMC5160.c.obj
 .comment       0x00000049       0x4a CMakeFiles/TMC_Stallguard.elf.dir/User/Src/retarget.c.obj
 .comment       0x00000049       0x4a CMakeFiles/TMC_Stallguard.elf.dir/User/Src/tmc2209.c.obj

.debug_frame    0x00000000     0x30b4
 .debug_frame   0x00000000       0x28 CMakeFiles/TMC_Stallguard.elf.dir/Core/Src/gpio.c.obj
 .debug_frame   0x00000028       0x58 CMakeFiles/TMC_Stallguard.elf.dir/Core/Src/main.c.obj
 .debug_frame   0x00000080       0x60 CMakeFiles/TMC_Stallguard.elf.dir/Core/Src/spi.c.obj
 .debug_frame   0x000000e0       0x28 CMakeFiles/TMC_Stallguard.elf.dir/Core/Src/stm32f4xx_hal_msp.c.obj
 .debug_frame   0x00000108       0xd8 CMakeFiles/TMC_Stallguard.elf.dir/Core/Src/stm32f4xx_it.c.obj
 .debug_frame   0x000001e0       0x28 CMakeFiles/TMC_Stallguard.elf.dir/Core/Src/sysmem.c.obj
 .debug_frame   0x00000208       0x30 CMakeFiles/TMC_Stallguard.elf.dir/Core/Src/system_stm32f4xx.c.obj
 .debug_frame   0x00000238       0x58 CMakeFiles/TMC_Stallguard.elf.dir/Core/Src/tim.c.obj
 .debug_frame   0x00000290       0x78 CMakeFiles/TMC_Stallguard.elf.dir/Core/Src/usart.c.obj
 .debug_frame   0x00000308      0x20c CMakeFiles/TMC_Stallguard.elf.dir/Drivers/STM32F4xx_HAL_Driver/Src/stm32f4xx_hal.c.obj
 .debug_frame   0x00000514      0x148 CMakeFiles/TMC_Stallguard.elf.dir/Drivers/STM32F4xx_HAL_Driver/Src/stm32f4xx_hal_cortex.c.obj
 .debug_frame   0x0000065c      0x188 CMakeFiles/TMC_Stallguard.elf.dir/Drivers/STM32F4xx_HAL_Driver/Src/stm32f4xx_hal_dma.c.obj
 .debug_frame   0x000007e4       0xd8 CMakeFiles/TMC_Stallguard.elf.dir/Drivers/STM32F4xx_HAL_Driver/Src/stm32f4xx_hal_gpio.c.obj
 .debug_frame   0x000008bc      0x16c CMakeFiles/TMC_Stallguard.elf.dir/Drivers/STM32F4xx_HAL_Driver/Src/stm32f4xx_hal_rcc.c.obj
 .debug_frame   0x00000a28      0x5a4 CMakeFiles/TMC_Stallguard.elf.dir/Drivers/STM32F4xx_HAL_Driver/Src/stm32f4xx_hal_spi.c.obj
 .debug_frame   0x00000fcc      0xb04 CMakeFiles/TMC_Stallguard.elf.dir/Drivers/STM32F4xx_HAL_Driver/Src/stm32f4xx_hal_tim.c.obj
 .debug_frame   0x00001ad0      0x40c CMakeFiles/TMC_Stallguard.elf.dir/Drivers/STM32F4xx_HAL_Driver/Src/stm32f4xx_hal_tim_ex.c.obj
 .debug_frame   0x00001edc      0x5cc CMakeFiles/TMC_Stallguard.elf.dir/Drivers/STM32F4xx_HAL_Driver/Src/stm32f4xx_hal_uart.c.obj
 .debug_frame   0x000024a8      0x210 CMakeFiles/TMC_Stallguard.elf.dir/TMC-API/tmc/ic/TMC5160/TMC5160.c.obj
 .debug_frame   0x000026b8       0xb8 CMakeFiles/TMC_Stallguard.elf.dir/User/Src/retarget.c.obj
 .debug_frame   0x00002770       0x9c CMakeFiles/TMC_Stallguard.elf.dir/User/Src/tmc2209.c.obj
 .debug_frame   0x0000280c       0x2c d:/compilechaim/gcc-arm-none-eabi-10.3-2021.10/bin/../lib/gcc/arm-none-eabi/10.3.1/thumb/v7e-m/nofp\libgcc.a(_aeabi_uldivmod.o)
 .debug_frame   0x00002838       0x34 d:/compilechaim/gcc-arm-none-eabi-10.3-2021.10/bin/../lib/gcc/arm-none-eabi/10.3.1/thumb/v7e-m/nofp\libgcc.a(_udivmoddi4.o)
 .debug_frame   0x0000286c       0x20 d:/compilechaim/gcc-arm-none-eabi-10.3-2021.10/bin/../lib/gcc/arm-none-eabi/10.3.1/../../../../arm-none-eabi/lib/thumb/v7e-m/nofp\libg.a(lib_a-errno.o)
 .debug_frame   0x0000288c       0x2c d:/compilechaim/gcc-arm-none-eabi-10.3-2021.10/bin/../lib/gcc/arm-none-eabi/10.3.1/../../../../arm-none-eabi/lib/thumb/v7e-m/nofp\libg.a(lib_a-init.o)
 .debug_frame   0x000028b8       0x2c d:/compilechaim/gcc-arm-none-eabi-10.3-2021.10/bin/../lib/gcc/arm-none-eabi/10.3.1/../../../../arm-none-eabi/lib/thumb/v7e-m/nofp\libg.a(lib_a-memset.o)
 .debug_frame   0x000028e4       0x48 d:/compilechaim/gcc-arm-none-eabi-10.3-2021.10/bin/../lib/gcc/arm-none-eabi/10.3.1/../../../../arm-none-eabi/lib/thumb/v7e-m/nofp\libg.a(lib_a-setvbuf.o)
 .debug_frame   0x0000292c       0x5c d:/compilechaim/gcc-arm-none-eabi-10.3-2021.10/bin/../lib/gcc/arm-none-eabi/10.3.1/../../../../arm-none-eabi/lib/thumb/v7e-m/nofp\libg.a(lib_a-__call_atexit.o)
 .debug_frame   0x00002988       0x20 d:/compilechaim/gcc-arm-none-eabi-10.3-2021.10/bin/../lib/gcc/arm-none-eabi/10.3.1/../../../../arm-none-eabi/lib/thumb/v7e-m/nofp\libg.a(lib_a-atexit.o)
 .debug_frame   0x000029a8       0x70 d:/compilechaim/gcc-arm-none-eabi-10.3-2021.10/bin/../lib/gcc/arm-none-eabi/10.3.1/../../../../arm-none-eabi/lib/thumb/v7e-m/nofp\libg.a(lib_a-fflush.o)
 .debug_frame   0x00002a18      0x154 d:/compilechaim/gcc-arm-none-eabi-10.3-2021.10/bin/../lib/gcc/arm-none-eabi/10.3.1/../../../../arm-none-eabi/lib/thumb/v7e-m/nofp\libg.a(lib_a-findfp.o)
 .debug_frame   0x00002b6c       0x34 d:/compilechaim/gcc-arm-none-eabi-10.3-2021.10/bin/../lib/gcc/arm-none-eabi/10.3.1/../../../../arm-none-eabi/lib/thumb/v7e-m/nofp\libg.a(lib_a-fini.o)
 .debug_frame   0x00002ba0       0x8c d:/compilechaim/gcc-arm-none-eabi-10.3-2021.10/bin/../lib/gcc/arm-none-eabi/10.3.1/../../../../arm-none-eabi/lib/thumb/v7e-m/nofp\libg.a(lib_a-freer.o)
 .debug_frame   0x00002c2c       0x54 d:/compilechaim/gcc-arm-none-eabi-10.3-2021.10/bin/../lib/gcc/arm-none-eabi/10.3.1/../../../../arm-none-eabi/lib/thumb/v7e-m/nofp\libg.a(lib_a-fwalk.o)
 .debug_frame   0x00002c80       0xb0 d:/compilechaim/gcc-arm-none-eabi-10.3-2021.10/bin/../lib/gcc/arm-none-eabi/10.3.1/../../../../arm-none-eabi/lib/thumb/v7e-m/nofp\libg.a(lib_a-lock.o)
 .debug_frame   0x00002d30       0x70 d:/compilechaim/gcc-arm-none-eabi-10.3-2021.10/bin/../lib/gcc/arm-none-eabi/10.3.1/../../../../arm-none-eabi/lib/thumb/v7e-m/nofp\libg.a(lib_a-makebuf.o)
 .debug_frame   0x00002da0       0x30 d:/compilechaim/gcc-arm-none-eabi-10.3-2021.10/bin/../lib/gcc/arm-none-eabi/10.3.1/../../../../arm-none-eabi/lib/thumb/v7e-m/nofp\libg.a(lib_a-malloc.o)
 .debug_frame   0x00002dd0       0x4c d:/compilechaim/gcc-arm-none-eabi-10.3-2021.10/bin/../lib/gcc/arm-none-eabi/10.3.1/../../../../arm-none-eabi/lib/thumb/v7e-m/nofp\libg.a(lib_a-mallocr.o)
 .debug_frame   0x00002e1c       0x30 d:/compilechaim/gcc-arm-none-eabi-10.3-2021.10/bin/../lib/gcc/arm-none-eabi/10.3.1/../../../../arm-none-eabi/lib/thumb/v7e-m/nofp\libg.a(lib_a-mlock.o)
 .debug_frame   0x00002e4c       0x2c d:/compilechaim/gcc-arm-none-eabi-10.3-2021.10/bin/../lib/gcc/arm-none-eabi/10.3.1/../../../../arm-none-eabi/lib/thumb/v7e-m/nofp\libg.a(lib_a-sbrkr.o)
 .debug_frame   0x00002e78       0x8c d:/compilechaim/gcc-arm-none-eabi-10.3-2021.10/bin/../lib/gcc/arm-none-eabi/10.3.1/../../../../arm-none-eabi/lib/thumb/v7e-m/nofp\libg.a(lib_a-stdio.o)
 .debug_frame   0x00002f04       0x2c d:/compilechaim/gcc-arm-none-eabi-10.3-2021.10/bin/../lib/gcc/arm-none-eabi/10.3.1/../../../../arm-none-eabi/lib/thumb/v7e-m/nofp\libg.a(lib_a-writer.o)
 .debug_frame   0x00002f30       0x34 d:/compilechaim/gcc-arm-none-eabi-10.3-2021.10/bin/../lib/gcc/arm-none-eabi/10.3.1/../../../../arm-none-eabi/lib/thumb/v7e-m/nofp\libg.a(lib_a-__atexit.o)
 .debug_frame   0x00002f64       0x2c d:/compilechaim/gcc-arm-none-eabi-10.3-2021.10/bin/../lib/gcc/arm-none-eabi/10.3.1/../../../../arm-none-eabi/lib/thumb/v7e-m/nofp\libg.a(lib_a-closer.o)
 .debug_frame   0x00002f90       0x3c d:/compilechaim/gcc-arm-none-eabi-10.3-2021.10/bin/../lib/gcc/arm-none-eabi/10.3.1/../../../../arm-none-eabi/lib/thumb/v7e-m/nofp\libg.a(lib_a-fclose.o)
 .debug_frame   0x00002fcc       0x2c d:/compilechaim/gcc-arm-none-eabi-10.3-2021.10/bin/../lib/gcc/arm-none-eabi/10.3.1/../../../../arm-none-eabi/lib/thumb/v7e-m/nofp\libg.a(lib_a-fstatr.o)
 .debug_frame   0x00002ff8       0x2c d:/compilechaim/gcc-arm-none-eabi-10.3-2021.10/bin/../lib/gcc/arm-none-eabi/10.3.1/../../../../arm-none-eabi/lib/thumb/v7e-m/nofp\libg.a(lib_a-lseekr.o)
 .debug_frame   0x00003024       0x2c d:/compilechaim/gcc-arm-none-eabi-10.3-2021.10/bin/../lib/gcc/arm-none-eabi/10.3.1/../../../../arm-none-eabi/lib/thumb/v7e-m/nofp\libg.a(lib_a-readr.o)
 .debug_frame   0x00003050       0x64 d:/compilechaim/gcc-arm-none-eabi-10.3-2021.10/bin/../lib/gcc/arm-none-eabi/10.3.1/../../../../arm-none-eabi/lib/thumb/v7e-m/nofp\libg.a(lib_a-reent.o)

.debug_loc      0x00000000    0x10497
 .debug_loc     0x00000000       0x84 CMakeFiles/TMC_Stallguard.elf.dir/Core/Src/spi.c.obj
 .debug_loc     0x00000084       0x64 CMakeFiles/TMC_Stallguard.elf.dir/Core/Src/sysmem.c.obj
 .debug_loc     0x000000e8      0x158 CMakeFiles/TMC_Stallguard.elf.dir/Core/Src/system_stm32f4xx.c.obj
 .debug_loc     0x00000240       0xbe CMakeFiles/TMC_Stallguard.elf.dir/Core/Src/usart.c.obj
 .debug_loc     0x000002fe      0x141 CMakeFiles/TMC_Stallguard.elf.dir/Drivers/STM32F4xx_HAL_Driver/Src/stm32f4xx_hal.c.obj
 .debug_loc     0x0000043f      0x744 CMakeFiles/TMC_Stallguard.elf.dir/Drivers/STM32F4xx_HAL_Driver/Src/stm32f4xx_hal_cortex.c.obj
 .debug_loc     0x00000b83      0xbf9 CMakeFiles/TMC_Stallguard.elf.dir/Drivers/STM32F4xx_HAL_Driver/Src/stm32f4xx_hal_dma.c.obj
 .debug_loc     0x0000177c      0x520 CMakeFiles/TMC_Stallguard.elf.dir/Drivers/STM32F4xx_HAL_Driver/Src/stm32f4xx_hal_gpio.c.obj
 .debug_loc     0x00001c9c      0x58c CMakeFiles/TMC_Stallguard.elf.dir/Drivers/STM32F4xx_HAL_Driver/Src/stm32f4xx_hal_rcc.c.obj
 .debug_loc     0x00002228     0x1ded CMakeFiles/TMC_Stallguard.elf.dir/Drivers/STM32F4xx_HAL_Driver/Src/stm32f4xx_hal_spi.c.obj
 .debug_loc     0x00004015     0x506c CMakeFiles/TMC_Stallguard.elf.dir/Drivers/STM32F4xx_HAL_Driver/Src/stm32f4xx_hal_tim.c.obj
 .debug_loc     0x00009081     0x1cd7 CMakeFiles/TMC_Stallguard.elf.dir/Drivers/STM32F4xx_HAL_Driver/Src/stm32f4xx_hal_tim_ex.c.obj
 .debug_loc     0x0000ad58     0x49ab CMakeFiles/TMC_Stallguard.elf.dir/Drivers/STM32F4xx_HAL_Driver/Src/stm32f4xx_hal_uart.c.obj
 .debug_loc     0x0000f703      0x7fe CMakeFiles/TMC_Stallguard.elf.dir/TMC-API/tmc/ic/TMC5160/TMC5160.c.obj
 .debug_loc     0x0000ff01      0x389 CMakeFiles/TMC_Stallguard.elf.dir/User/Src/retarget.c.obj
 .debug_loc     0x0001028a      0x20d CMakeFiles/TMC_Stallguard.elf.dir/User/Src/tmc2209.c.obj
